Archive member included to satisfy reference by file (symbol)

/usr/lib/gcc/arm-none-eabi/13.2.1/../../../arm-none-eabi/lib/thumb/v7e-m+fp/hard/libc_nano.a(libc_a-init.o)
                              /usr/lib/gcc/arm-none-eabi/13.2.1/../../../arm-none-eabi/lib/thumb/v7e-m+fp/hard/crt0.o (__libc_init_array)
/usr/lib/gcc/arm-none-eabi/13.2.1/../../../arm-none-eabi/lib/thumb/v7e-m+fp/hard/libc_nano.a(libc_a-memset.o)
                              /usr/lib/gcc/arm-none-eabi/13.2.1/../../../arm-none-eabi/lib/thumb/v7e-m+fp/hard/crt0.o (memset)
/usr/lib/gcc/arm-none-eabi/13.2.1/../../../arm-none-eabi/lib/thumb/v7e-m+fp/hard/libc_nano.a(libc_a-errno.o)
                              ./Core/Src/syscalls.o (__errno)
/usr/lib/gcc/arm-none-eabi/13.2.1/../../../arm-none-eabi/lib/thumb/v7e-m+fp/hard/libc_nano.a(libc_a-exit.o)
                              /usr/lib/gcc/arm-none-eabi/13.2.1/../../../arm-none-eabi/lib/thumb/v7e-m+fp/hard/crt0.o (exit)
/usr/lib/gcc/arm-none-eabi/13.2.1/../../../arm-none-eabi/lib/thumb/v7e-m+fp/hard/libc_nano.a(libc_a-atexit.o)
                              /usr/lib/gcc/arm-none-eabi/13.2.1/../../../arm-none-eabi/lib/thumb/v7e-m+fp/hard/crt0.o (atexit)
/usr/lib/gcc/arm-none-eabi/13.2.1/../../../arm-none-eabi/lib/thumb/v7e-m+fp/hard/libc_nano.a(libc_a-fini.o)
                              /usr/lib/gcc/arm-none-eabi/13.2.1/../../../arm-none-eabi/lib/thumb/v7e-m+fp/hard/crt0.o (__libc_fini_array)
/usr/lib/gcc/arm-none-eabi/13.2.1/../../../arm-none-eabi/lib/thumb/v7e-m+fp/hard/libc_nano.a(libc_a-impure.o)
                              /usr/lib/gcc/arm-none-eabi/13.2.1/../../../arm-none-eabi/lib/thumb/v7e-m+fp/hard/libc_nano.a(libc_a-errno.o) (_impure_ptr)
/usr/lib/gcc/arm-none-eabi/13.2.1/../../../arm-none-eabi/lib/thumb/v7e-m+fp/hard/libc_nano.a(libc_a-findfp.o)
                              /usr/lib/gcc/arm-none-eabi/13.2.1/../../../arm-none-eabi/lib/thumb/v7e-m+fp/hard/libc_nano.a(libc_a-exit.o) (__stdio_exit_handler)
/usr/lib/gcc/arm-none-eabi/13.2.1/../../../arm-none-eabi/lib/thumb/v7e-m+fp/hard/libc_nano.a(libc_a-fflush.o)
                              /usr/lib/gcc/arm-none-eabi/13.2.1/../../../arm-none-eabi/lib/thumb/v7e-m+fp/hard/libc_nano.a(libc_a-findfp.o) (_fflush_r)
/usr/lib/gcc/arm-none-eabi/13.2.1/../../../arm-none-eabi/lib/thumb/v7e-m+fp/hard/libc_nano.a(libc_a-mallocr.o)
                              /usr/lib/gcc/arm-none-eabi/13.2.1/../../../arm-none-eabi/lib/thumb/v7e-m+fp/hard/libc_nano.a(libc_a-findfp.o) (_malloc_r)
/usr/lib/gcc/arm-none-eabi/13.2.1/../../../arm-none-eabi/lib/thumb/v7e-m+fp/hard/libc_nano.a(libc_a-freer.o)
                              /usr/lib/gcc/arm-none-eabi/13.2.1/../../../arm-none-eabi/lib/thumb/v7e-m+fp/hard/libc_nano.a(libc_a-fflush.o) (_free_r)
/usr/lib/gcc/arm-none-eabi/13.2.1/../../../arm-none-eabi/lib/thumb/v7e-m+fp/hard/libc_nano.a(libc_a-fwalk.o)
                              /usr/lib/gcc/arm-none-eabi/13.2.1/../../../arm-none-eabi/lib/thumb/v7e-m+fp/hard/libc_nano.a(libc_a-findfp.o) (_fwalk_sglue)
/usr/lib/gcc/arm-none-eabi/13.2.1/../../../arm-none-eabi/lib/thumb/v7e-m+fp/hard/libc_nano.a(libc_a-__atexit.o)
                              /usr/lib/gcc/arm-none-eabi/13.2.1/../../../arm-none-eabi/lib/thumb/v7e-m+fp/hard/libc_nano.a(libc_a-atexit.o) (__register_exitproc)
/usr/lib/gcc/arm-none-eabi/13.2.1/../../../arm-none-eabi/lib/thumb/v7e-m+fp/hard/libc_nano.a(libc_a-mlock.o)
                              /usr/lib/gcc/arm-none-eabi/13.2.1/../../../arm-none-eabi/lib/thumb/v7e-m+fp/hard/libc_nano.a(libc_a-mallocr.o) (__malloc_lock)
/usr/lib/gcc/arm-none-eabi/13.2.1/../../../arm-none-eabi/lib/thumb/v7e-m+fp/hard/libc_nano.a(libc_a-sbrkr.o)
                              /usr/lib/gcc/arm-none-eabi/13.2.1/../../../arm-none-eabi/lib/thumb/v7e-m+fp/hard/libc_nano.a(libc_a-mallocr.o) (_sbrk_r)
/usr/lib/gcc/arm-none-eabi/13.2.1/../../../arm-none-eabi/lib/thumb/v7e-m+fp/hard/libc_nano.a(libc_a-stdio.o)
                              /usr/lib/gcc/arm-none-eabi/13.2.1/../../../arm-none-eabi/lib/thumb/v7e-m+fp/hard/libc_nano.a(libc_a-findfp.o) (__sread)
/usr/lib/gcc/arm-none-eabi/13.2.1/../../../arm-none-eabi/lib/thumb/v7e-m+fp/hard/libc_nano.a(libc_a-closer.o)
                              /usr/lib/gcc/arm-none-eabi/13.2.1/../../../arm-none-eabi/lib/thumb/v7e-m+fp/hard/libc_nano.a(libc_a-stdio.o) (_close_r)
/usr/lib/gcc/arm-none-eabi/13.2.1/../../../arm-none-eabi/lib/thumb/v7e-m+fp/hard/libc_nano.a(libc_a-__call_atexit.o)
                              /usr/lib/gcc/arm-none-eabi/13.2.1/../../../arm-none-eabi/lib/thumb/v7e-m+fp/hard/libc_nano.a(libc_a-__atexit.o) (__call_exitprocs)
/usr/lib/gcc/arm-none-eabi/13.2.1/../../../arm-none-eabi/lib/thumb/v7e-m+fp/hard/libc_nano.a(libc_a-readr.o)
                              /usr/lib/gcc/arm-none-eabi/13.2.1/../../../arm-none-eabi/lib/thumb/v7e-m+fp/hard/libc_nano.a(libc_a-stdio.o) (_read_r)
/usr/lib/gcc/arm-none-eabi/13.2.1/../../../arm-none-eabi/lib/thumb/v7e-m+fp/hard/libc_nano.a(libc_a-reent.o)
[...]
Memory Configuration

Name             Origin             Length             Attributes
CCMRAM           0x10000000         0x00002000         xrw
RAM              0x20000000         0x0000a000         xrw
FLASH            0x08000000         0x00040000         xr
*default*        0x00000000         0xffffffff

Linker script and memory map

LOAD /usr/lib/gcc/arm-none-eabi/13.2.1/thumb/v7e-m+fp/hard/crti.o
LOAD /usr/lib/gcc/arm-none-eabi/13.2.1/thumb/v7e-m+fp/hard/crtbegin.o
LOAD /usr/lib/gcc/arm-none-eabi/13.2.1/../../../arm-none-eabi/lib/thumb/v7e-m+fp/hard/crt0.o
LOAD ./Core/Src/slave.o
LOAD ./Core/Src/stm32f3xx_hal_msp.o
LOAD ./Core/Src/stm32f3xx_it.o
LOAD ./Core/Src/syscalls.o
LOAD ./Core/Src/sysmem.o
LOAD ./Core/Src/system_stm32f3xx.o
LOAD ./Core/Startup/startup_stm32f303vctx.o
LOAD ./Drivers/STM32F3xx_HAL_Driver/Src/stm32f3xx_hal.o
LOAD ./Drivers/STM32F3xx_HAL_Driver/Src/stm32f3xx_hal_cortex.o
LOAD ./Drivers/STM32F3xx_HAL_Driver/Src/stm32f3xx_hal_dma.o
LOAD ./Drivers/STM32F3xx_HAL_Driver/Src/stm32f3xx_hal_exti.o
LOAD ./Drivers/STM32F3xx_HAL_Driver/Src/stm32f3xx_hal_flash.o
LOAD ./Drivers/STM32F3xx_HAL_Driver/Src/stm32f3xx_hal_flash_ex.o
LOAD ./Drivers/STM32F3xx_HAL_Driver/Src/stm32f3xx_hal_gpio.o
LOAD ./Drivers/STM32F3xx_HAL_Driver/Src/stm32f3xx_hal_i2c.o
LOAD ./Drivers/STM32F3xx_HAL_Driver/Src/stm32f3xx_hal_i2c_ex.o
LOAD ./Drivers/STM32F3xx_HAL_Driver/Src/stm32f3xx_hal_pwr.o
LOAD ./Drivers/STM32F3xx_HAL_Driver/Src/stm32f3xx_hal_pwr_ex.o
LOAD ./Drivers/STM32F3xx_HAL_Driver/Src/stm32f3xx_hal_rcc.o
LOAD ./Drivers/STM32F3xx_HAL_Driver/Src/stm32f3xx_hal_rcc_ex.o
LOAD ./Drivers/STM32F3xx_HAL_Driver/Src/stm32f3xx_hal_spi.o
LOAD ./Drivers/STM32F3xx_HAL_Driver/Src/stm32f3xx_hal_spi_ex.o
LOAD ./Drivers/STM32F3xx_HAL_Driver/Src/stm32f3xx_hal_tim.o
LOAD ./Drivers/STM32F3xx_HAL_Driver/Src/stm32f3xx_hal_tim_ex.o
START GROUP
LOAD /usr/lib/gcc/arm-none-eabi/13.2.1/../../../arm-none-eabi/lib/thumb/v7e-m+fp/hard/libc_nano.a
LOAD /usr/lib/gcc/arm-none-eabi/13.2.1/../../../arm-none-eabi/lib/thumb/v7e-m+fp/hard/libm.a
END GROUP
START GROUP
LOAD /usr/lib/gcc/arm-none-eabi/13.2.1/thumb/v7e-m+fp/hard/libgcc.a
LOAD /usr/lib/gcc/arm-none-eabi/13.2.1/../../../arm-none-eabi/lib/thumb/v7e-m+fp/hard/libc_nano.a
END GROUP
START GROUP
LOAD /usr/lib/gcc/arm-none-eabi/13.2.1/thumb/v7e-m+fp/hard/libgcc.a
LOAD /usr/lib/gcc/arm-none-eabi/13.2.1/../../../arm-none-eabi/lib/thumb/v7e-m+fp/hard/libc_nano.a
LOAD /usr/lib/gcc/arm-none-eabi/13.2.1/../../../arm-none-eabi/lib/thumb/v7e-m+fp/hard/libnosys.a
END GROUP
START GROUP
LOAD /usr/lib/gcc/arm-none-eabi/13.2.1/thumb/v7e-m+fp/hard/libgcc.a
LOAD /usr/lib/gcc/arm-none-eabi/13.2.1/../../../arm-none-eabi/lib/thumb/v7e-m+fp/hard/libc_nano.a
LOAD /usr/lib/gcc/arm-none-eabi/13.2.1/../../../arm-none-eabi/lib/thumb/v7e-m+fp/hard/libnosys.a
END GROUP
LOAD /usr/lib/gcc/arm-none-eabi/13.2.1/thumb/v7e-m+fp/hard/crtend.o
LOAD /usr/lib/gcc/arm-none-eabi/13.2.1/thumb/v7e-m+fp/hard/crtn.o
                0x2000a000                        _estack = (ORIGIN (RAM) + LENGTH (RAM))
                0x00000200                        _Min_Heap_Size = 0x200
                0x00000400                        _Min_Stack_Size = 0x400

.isr_vector     0x08000000      0x188
                0x08000000                        . = ALIGN (0x4)
 *(.isr_vector)
 .isr_vector    0x08000000      0x188 ./Core/Startup/startup_stm32f303vctx.o
                0x08000000                g_pfnVectors
                0x08000188                        . = ALIGN (0x4)

.text           0x08000188     0x2b68
                0x08000188                        . = ALIGN (0x4)
 *(.text)
 .text          0x08000188       0x88 /usr/lib/gcc/arm-none-eabi/13.2.1/thumb/v7e-m+fp/hard/crtbegin.o
 .text          0x08000210       0x50 /usr/lib/gcc/arm-none-eabi/13.2.1/../../../arm-none-eabi/lib/thumb/v7e-m+fp/hard/libc_nano.a(libc_a-init.o)
                0x08000210                __libc_init_array
 .text          0x08000260       0xa4 /usr/lib/gcc/arm-none-eabi/13.2.1/../../../arm-none-eabi/lib/thumb/v7e-m+fp/hard/libc_nano.a(libc_a-memset.o)
                0x08000260                memset
 *(.text*)
 .text.handleCmd
                0x08000304       0x5c ./Core/Src/slave.o
                0x08000304                handleCmd
 .text.main     0x08000360       0x40 ./Core/Src/slave.o
                0x08000360                main
 .text.SystemClock_Config
                0x080003a0       0x8a ./Core/Src/slave.o
                0x080003a0                SystemClock_Config
 *fill*         0x0800042a        0x2 
 .text.MX_SPI2_Init
                0x0800042c       0x74 ./Core/Src/slave.o
 .text.MX_GPIO_Init
                0x080004a0      0x168 ./Core/Src/slave.o
 .text.Error_Handler
                0x08000608        0xc ./Core/Src/slave.o
                0x08000608                Error_Handler
 .text.HAL_MspInit
                0x08000614       0x48 ./Core/Src/stm32f3xx_hal_msp.o
                0x08000614                HAL_MspInit
 .text.HAL_SPI_MspInit
                0x0800065c       0xc8 ./Core/Src/stm32f3xx_hal_msp.o
                0x0800065c                HAL_SPI_MspInit
 .text.NMI_Handler
                0x08000724        0x8 ./Core/Src/stm32f3xx_it.o
                0x08000724                NMI_Handler
 .text.HardFault_Handler
                0x0800072c        0x8 ./Core/Src/stm32f3xx_it.o
                0x0800072c                HardFault_Handler
 .text.MemManage_Handler
                0x08000734        0x8 ./Core/Src/stm32f3xx_it.o
                0x08000734                MemManage_Handler
 .text.BusFault_Handler
                0x0800073c        0x8 ./Core/Src/stm32f3xx_it.o
                0x0800073c                BusFault_Handler
 .text.UsageFault_Handler
                0x08000744        0x8 ./Core/Src/stm32f3xx_it.o
                0x08000744                UsageFault_Handler
 .text.SVC_Handler
                0x0800074c        0xe ./Core/Src/stm32f3xx_it.o
                0x0800074c                SVC_Handler
 .text.DebugMon_Handler
                0x0800075a        0xe ./Core/Src/stm32f3xx_it.o
                0x0800075a                DebugMon_Handler
 .text.PendSV_Handler
                0x08000768        0xe ./Core/Src/stm32f3xx_it.o
                0x08000768                PendSV_Handler
 .text.SysTick_Handler
                0x08000776        0xc ./Core/Src/stm32f3xx_it.o
                0x08000776                SysTick_Handler
 *fill*         0x08000782        0x2 
 .text.SystemInit
                0x08000784       0x24 ./Core/Src/system_stm32f3xx.o
                0x08000784                SystemInit
 .text.Reset_Handler
                0x080007a8       0x50 ./Core/Startup/startup_stm32f303vctx.o
                0x080007a8                Reset_Handler
 .text.Default_Handler
                0x080007f8        0x2 ./Core/Startup/startup_stm32f303vctx.o
                0x080007f8                RTC_Alarm_IRQHandler
                0x080007f8                TIM8_TRG_COM_IRQHandler
                0x080007f8                TIM8_CC_IRQHandler
                0x080007f8                TIM1_CC_IRQHandler
                0x080007f8                USB_HP_IRQHandler
                0x080007f8                PVD_IRQHandler
                0x080007f8                TAMP_STAMP_IRQHandler
                0x080007f8                EXTI3_IRQHandler
                0x080007f8                USB_HP_CAN_TX_IRQHandler
                0x080007f8                EXTI0_IRQHandler
                0x080007f8                I2C2_EV_IRQHandler
                0x080007f8                FPU_IRQHandler
                0x080007f8                TIM1_UP_TIM16_IRQHandler
                0x080007f8                ADC1_2_IRQHandler
                0x080007f8                SPI1_IRQHandler
                0x080007f8                CAN_SCE_IRQHandler
                0x080007f8                TIM6_DAC_IRQHandler
                0x080007f8                TIM8_UP_IRQHandler
                0x080007f8                DMA2_Channel2_IRQHandler
                0x080007f8                DMA1_Channel4_IRQHandler
                0x080007f8                USART3_IRQHandler
                0x080007f8                DMA1_Channel7_IRQHandler
                0x080007f8                UART5_IRQHandler
                0x080007f8                ADC3_IRQHandler
                0x080007f8                TIM4_IRQHandler
                0x080007f8                CAN_RX1_IRQHandler
                0x080007f8                DMA2_Channel1_IRQHandler
                0x080007f8                I2C1_EV_IRQHandler
                0x080007f8                DMA1_Channel6_IRQHandler
                0x080007f8                UART4_IRQHandler
                0x080007f8                DMA2_Channel4_IRQHandler
                0x080007f8                TIM3_IRQHandler
                0x080007f8                RCC_IRQHandler
                0x080007f8                DMA1_Channel1_IRQHandler
                0x080007f8                Default_Handler
                0x080007f8                USBWakeUp_RMP_IRQHandler
                0x080007f8                EXTI15_10_IRQHandler
                0x080007f8                TIM7_IRQHandler
                0x080007f8                EXTI9_5_IRQHandler
                0x080007f8                RTC_WKUP_IRQHandler
                0x080007f8                SPI2_IRQHandler
                0x080007f8                USB_LP_CAN_RX0_IRQHandler
                0x080007f8                DMA2_Channel5_IRQHandler
                0x080007f8                DMA1_Channel5_IRQHandler
                0x080007f8                USB_LP_IRQHandler
                0x080007f8                EXTI4_IRQHandler
                0x080007f8                TIM1_TRG_COM_TIM17_IRQHandler
                0x080007f8                DMA1_Channel3_IRQHandler
                0x080007f8                ADC4_IRQHandler
                0x080007f8                WWDG_IRQHandler
                0x080007f8                TIM2_IRQHandler
                0x080007f8                COMP7_IRQHandler
                0x080007f8                COMP1_2_3_IRQHandler
                0x080007f8                EXTI1_IRQHandler
                0x080007f8                USART2_IRQHandler
                0x080007f8                COMP4_5_6_IRQHandler
                0x080007f8                I2C2_ER_IRQHandler
                0x080007f8                DMA1_Channel2_IRQHandler
                0x080007f8                TIM8_BRK_IRQHandler
                0x080007f8                FLASH_IRQHandler
                0x080007f8                USART1_IRQHandler
                0x080007f8                SPI3_IRQHandler
                0x080007f8                I2C1_ER_IRQHandler
                0x080007f8                USBWakeUp_IRQHandler
                0x080007f8                DMA2_Channel3_IRQHandler
                0x080007f8                EXTI2_TSC_IRQHandler
                0x080007f8                TIM1_BRK_TIM15_IRQHandler
 *fill*         0x080007fa        0x2 
 .text.HAL_Init
                0x080007fc       0x2c ./Drivers/STM32F3xx_HAL_Driver/Src/stm32f3xx_hal.o
                0x080007fc                HAL_Init
 .text.HAL_InitTick
                0x08000828       0x60 ./Drivers/STM32F3xx_HAL_Driver/Src/stm32f3xx_hal.o
                0x08000828                HAL_InitTick
 .text.HAL_IncTick
                0x08000888       0x28 ./Drivers/STM32F3xx_HAL_Driver/Src/stm32f3xx_hal.o
                0x08000888                HAL_IncTick
 .text.HAL_GetTick
                0x080008b0       0x18 ./Drivers/STM32F3xx_HAL_Driver/Src/stm32f3xx_hal.o
                0x080008b0                HAL_GetTick
 .text.__NVIC_SetPriorityGrouping
                0x080008c8       0x48 ./Drivers/STM32F3xx_HAL_Driver/Src/stm32f3xx_hal_cortex.o
 .text.__NVIC_GetPriorityGrouping
                0x08000910       0x1c ./Drivers/STM32F3xx_HAL_Driver/Src/stm32f3xx_hal_cortex.o
 .text.__NVIC_SetPriority
                0x0800092c       0x54 ./Drivers/STM32F3xx_HAL_Driver/Src/stm32f3xx_hal_cortex.o
 .text.NVIC_EncodePriority
                0x08000980       0x66 ./Drivers/STM32F3xx_HAL_Driver/Src/stm32f3xx_hal_cortex.o
 *fill*         0x080009e6        0x2 
 .text.SysTick_Config
                0x080009e8       0x44 ./Drivers/STM32F3xx_HAL_Driver/Src/stm32f3xx_hal_cortex.o
 .text.HAL_NVIC_SetPriorityGrouping
                0x08000a2c       0x16 ./Drivers/STM32F3xx_HAL_Driver/Src/stm32f3xx_hal_cortex.o
                0x08000a2c                HAL_NVIC_SetPriorityGrouping
 .text.HAL_NVIC_SetPriority
                0x08000a42       0x38 ./Drivers/STM32F3xx_HAL_Driver/Src/stm32f3xx_hal_cortex.o
                0x08000a42                HAL_NVIC_SetPriority
 .text.HAL_SYSTICK_Config
                0x08000a7a       0x18 ./Drivers/STM32F3xx_HAL_Driver/Src/stm32f3xx_hal_cortex.o
                0x08000a7a                HAL_SYSTICK_Config
 *fill*         0x08000a92        0x2 
 .text.HAL_GPIO_Init
                0x08000a94      0x2f4 ./Drivers/STM32F3xx_HAL_Driver/Src/stm32f3xx_hal_gpio.o
                0x08000a94                HAL_GPIO_Init
 .text.HAL_GPIO_WritePin
                0x08000d88       0x30 ./Drivers/STM32F3xx_HAL_Driver/Src/stm32f3xx_hal_gpio.o
                0x08000d88                HAL_GPIO_WritePin
 .text.HAL_RCC_OscConfig
                0x08000db8     0x101c ./Drivers/STM32F3xx_HAL_Driver/Src/stm32f3xx_hal_rcc.o
                0x08000db8                HAL_RCC_OscConfig
 .text.HAL_RCC_ClockConfig
                0x08001dd4      0x2dc ./Drivers/STM32F3xx_HAL_Driver/Src/stm32f3xx_hal_rcc.o
                0x08001dd4                HAL_RCC_ClockConfig
 .text.HAL_RCC_GetSysClockFreq
                0x080020b0       0xa8 ./Drivers/STM32F3xx_HAL_Driver/Src/stm32f3xx_hal_rcc.o
                0x080020b0                HAL_RCC_GetSysClockFreq
 .text.HAL_SPI_Init
                0x08002158      0x156 ./Drivers/STM32F3xx_HAL_Driver/Src/stm32f3xx_hal_spi.o
                0x08002158                HAL_SPI_Init
 .text.HAL_SPI_Receive
                0x080022ae      0x26e ./Drivers/STM32F3xx_HAL_Driver/Src/stm32f3xx_hal_spi.o
                0x080022ae                HAL_SPI_Receive
 .text.HAL_SPI_TransmitReceive
                0x0800251c      0x444 ./Drivers/STM32F3xx_HAL_Driver/Src/stm32f3xx_hal_spi.o
                0x0800251c                HAL_SPI_TransmitReceive
 .text.SPI_WaitFlagStateUntilTimeout
                0x08002960      0x110 ./Drivers/STM32F3xx_HAL_Driver/Src/stm32f3xx_hal_spi.o
 .text.SPI_WaitFifoStateUntilTimeout
                0x08002a70      0x12c ./Drivers/STM32F3xx_HAL_Driver/Src/stm32f3xx_hal_spi.o
 .text.SPI_EndRxTransaction
                0x08002b9c       0xb0 ./Drivers/STM32F3xx_HAL_Driver/Src/stm32f3xx_hal_spi.o
 .text.SPI_EndRxTxTransaction
                0x08002c4c       0x8c ./Drivers/STM32F3xx_HAL_Driver/Src/stm32f3xx_hal_spi.o
 *(.glue_7)
 .glue_7        0x08002cd8        0x0 linker stubs
 *(.glue_7t)
 .glue_7t       0x08002cd8        0x0 linker stubs
 *(.eh_frame)
 .eh_frame      0x08002cd8        0x0 /usr/lib/gcc/arm-none-eabi/13.2.1/thumb/v7e-m+fp/hard/crtbegin.o
 *(.init)
 .init          0x08002cd8        0x4 /usr/lib/gcc/arm-none-eabi/13.2.1/thumb/v7e-m+fp/hard/crti.o
                0x08002cd8                _init
 .init          0x08002cdc        0x8 /usr/lib/gcc/arm-none-eabi/13.2.1/thumb/v7e-m+fp/hard/crtn.o
 *(.fini)
 .fini          0x08002ce4        0x4 /usr/lib/gcc/arm-none-eabi/13.2.1/thumb/v7e-m+fp/hard/crti.o
                0x08002ce4                _fini
 .fini          0x08002ce8        0x8 /usr/lib/gcc/arm-none-eabi/13.2.1/thumb/v7e-m+fp/hard/crtn.o
                0x08002cf0                        . = ALIGN (0x4)
                0x08002cf0                        _etext = .

.vfp11_veneer   0x08002cf0        0x0
 .vfp11_veneer  0x08002cf0        0x0 linker stubs

.v4_bx          0x08002cf0        0x0
 .v4_bx         0x08002cf0        0x0 linker stubs

.iplt           0x08002cf0        0x0
 .iplt          0x08002cf0        0x0 /usr/lib/gcc/arm-none-eabi/13.2.1/thumb/v7e-m+fp/hard/crtbegin.o

.rodata         0x08002cf0       0x38
                0x08002cf0                        . = ALIGN (0x4)
 *(.rodata)
 .rodata        0x08002cf0        0x6 ./Core/Src/slave.o
 *(.rodata*)
 *fill*         0x08002cf6        0x2 
 .rodata.AHBPrescTable
                0x08002cf8       0x10 ./Core/Src/system_stm32f3xx.o
                0x08002cf8                AHBPrescTable
 .rodata.aPLLMULFactorTable
                0x08002d08       0x10 ./Drivers/STM32F3xx_HAL_Driver/Src/stm32f3xx_hal_rcc.o
 .rodata.aPredivFactorTable
                0x08002d18       0x10 ./Drivers/STM32F3xx_HAL_Driver/Src/stm32f3xx_hal_rcc.o
                0x08002d28                        . = ALIGN (0x4)

.ARM.extab      0x08002d28        0x0
                0x08002d28                        . = ALIGN (0x4)
 *(.ARM.extab* .gnu.linkonce.armextab.*)
                0x08002d28                        . = ALIGN (0x4)

.ARM            0x08002d28        0x0
                0x08002d28                        . = ALIGN (0x4)
                0x08002d28                        __exidx_start = .
 *(.ARM.exidx*)
                0x08002d28                        __exidx_end = .
                0x08002d28                        . = ALIGN (0x4)

.preinit_array  0x08002d28        0x0
                0x08002d28                        . = ALIGN (0x4)
                0x08002d28                        PROVIDE (__preinit_array_start = .)
 *(.preinit_array*)
                0x08002d28                        PROVIDE (__preinit_array_end = .)
                0x08002d28                        . = ALIGN (0x4)

.init_array     0x08002d28        0x4
                0x08002d28                        . = ALIGN (0x4)
                0x08002d28                        PROVIDE (__init_array_start = .)
 *(SORT_BY_NAME(.init_array.*))
 *(.init_array*)
 .init_array    0x08002d28        0x4 /usr/lib/gcc/arm-none-eabi/13.2.1/thumb/v7e-m+fp/hard/crtbegin.o
                0x08002d2c                        PROVIDE (__init_array_end = .)
                0x08002d2c                        . = ALIGN (0x4)

.fini_array     0x08002d2c        0x4
                0x08002d2c                        . = ALIGN (0x4)
                0x08002d2c                        PROVIDE (__fini_array_start = .)
 *(SORT_BY_NAME(.fini_array.*))
 *(.fini_array*)
 .fini_array    0x08002d2c        0x4 /usr/lib/gcc/arm-none-eabi/13.2.1/thumb/v7e-m+fp/hard/crtbegin.o
                0x08002d30                        PROVIDE (__fini_array_end = .)
                0x08002d30                        . = ALIGN (0x4)
                0x08002d30                        _sidata = LOADADDR (.data)

.rel.dyn        0x08002d30        0x0
 .rel.iplt      0x08002d30        0x0 /usr/lib/gcc/arm-none-eabi/13.2.1/thumb/v7e-m+fp/hard/crtbegin.o

.data           0x20000000        0xc load address 0x08002d30
                0x20000000                        . = ALIGN (0x4)
                0x20000000                        _sdata = .
 *(.data)
 *(.data*)
 .data.SystemCoreClock
                0x20000000        0x4 ./Core/Src/system_stm32f3xx.o
                0x20000000                SystemCoreClock
 .data.uwTickPrio
                0x20000004        0x4 ./Drivers/STM32F3xx_HAL_Driver/Src/stm32f3xx_hal.o
                0x20000004                uwTickPrio
 .data.uwTickFreq
                0x20000008        0x1 ./Drivers/STM32F3xx_HAL_Driver/Src/stm32f3xx_hal.o
                0x20000008                uwTickFreq
 *(.RamFunc)
 *(.RamFunc*)
                0x2000000c                        . = ALIGN (0x4)
 *fill*         0x20000009        0x3 
                0x2000000c                        _edata = .
                0x08002d3c                        _siccmram = LOADADDR (.ccmram)

.tm_clone_table
                0x2000000c        0x0 load address 0x08002d3c
 .tm_clone_table
                0x2000000c        0x0 /usr/lib/gcc/arm-none-eabi/13.2.1/thumb/v7e-m+fp/hard/crtbegin.o
 .tm_clone_table
                0x2000000c        0x0 /usr/lib/gcc/arm-none-eabi/13.2.1/thumb/v7e-m+fp/hard/crtend.o

.igot.plt       0x2000000c        0x0 load address 0x08002d3c
 .igot.plt      0x2000000c        0x0 /usr/lib/gcc/arm-none-eabi/13.2.1/thumb/v7e-m+fp/hard/crtbegin.o

.ccmram         0x10000000        0x0 load address 0x08002d3c
                0x10000000                        . = ALIGN (0x4)
                0x10000000                        _sccmram = .
 *(.ccmram)
 *(.ccmram*)
                0x10000000                        . = ALIGN (0x4)
                0x10000000                        _eccmram = .
                0x10000000                        . = ALIGN (0x4)

.bss            0x2000000c       0x84
                0x2000000c                        _sbss = .
                0x2000000c                        __bss_start__ = _sbss
 *(.bss)
 .bss           0x2000000c       0x1c /usr/lib/gcc/arm-none-eabi/13.2.1/thumb/v7e-m+fp/hard/crtbegin.o
 *(.bss*)
 .bss.hspi2     0x20000028       0x64 ./Core/Src/slave.o
                0x20000028                hspi2
 .bss.uwTick    0x2000008c        0x4 ./Drivers/STM32F3xx_HAL_Driver/Src/stm32f3xx_hal.o
                0x2000008c                uwTick
 *(COMMON)
                0x20000090                        . = ALIGN (0x4)
                0x20000090                        _ebss = .
                0x20000090                        __bss_end__ = _ebss

._user_heap_stack
                0x20000090      0x600
                0x20000090                        . = ALIGN (0x8)
                [!provide]                        PROVIDE (end = .)
                0x20000090                        PROVIDE (_end = .)
                0x20000290                        . = (. + _Min_Heap_Size)
 *fill*         0x20000090      0x200 
                0x20000690                        . = (. + _Min_Stack_Size)
 *fill*         0x20000290      0x400 
                0x20000690                        . = ALIGN (0x8)

/DISCARD/
 libc.a(*)
 libm.a(*)
 libgcc.a(*)

.ARM.attributes
                0x00000000       0x30
 *(.ARM.attributes)
 .ARM.attributes
                0x00000000       0x22 /usr/lib/gcc/arm-none-eabi/13.2.1/thumb/v7e-m+fp/hard/crti.o
 .ARM.attributes
                0x00000022       0x34 /usr/lib/gcc/arm-none-eabi/13.2.1/thumb/v7e-m+fp/hard/crtbegin.o
 .ARM.attributes
                0x00000056       0x34 ./Core/Src/slave.o
 .ARM.attributes
                0x0000008a       0x34 ./Core/Src/stm32f3xx_hal_msp.o
 .ARM.attributes
                0x000000be       0x34 ./Core/Src/stm32f3xx_it.o
 .ARM.attributes
                0x000000f2       0x34 ./Core/Src/system_stm32f3xx.o
 .ARM.attributes
                0x00000126       0x21 ./Core/Startup/startup_stm32f303vctx.o
 .ARM.attributes
                0x00000147       0x34 ./Drivers/STM32F3xx_HAL_Driver/Src/stm32f3xx_hal.o
 .ARM.attributes
                0x0000017b       0x34 ./Drivers/STM32F3xx_HAL_Driver/Src/stm32f3xx_hal_cortex.o
 .ARM.attributes
                0x000001af       0x34 ./Drivers/STM32F3xx_HAL_Driver/Src/stm32f3xx_hal_gpio.o
 .ARM.attributes
                0x000001e3       0x34 ./Drivers/STM32F3xx_HAL_Driver/Src/stm32f3xx_hal_rcc.o
 .ARM.attributes
                0x00000217       0x34 ./Drivers/STM32F3xx_HAL_Driver/Src/stm32f3xx_hal_spi.o
 .ARM.attributes
                0x0000024b       0x34 /usr/lib/gcc/arm-none-eabi/13.2.1/../../../arm-none-eabi/lib/thumb/v7e-m+fp/hard/libc_nano.a(libc_a-init.o)
 .ARM.attributes
                0x0000027f       0x34 /usr/lib/gcc/arm-none-eabi/13.2.1/../../../arm-none-eabi/lib/thumb/v7e-m+fp/hard/libc_nano.a(libc_a-memset.o)
 .ARM.attributes
                0x000002b3       0x34 /usr/lib/gcc/arm-none-eabi/13.2.1/thumb/v7e-m+fp/hard/crtend.o
 .ARM.attributes
                0x000002e7       0x22 /usr/lib/gcc/arm-none-eabi/13.2.1/thumb/v7e-m+fp/hard/crtn.o
OUTPUT(spi2-slave.elf elf32-littlearm)
LOAD linker stubs
LOAD /usr/lib/gcc/arm-none-eabi/13.2.1/../../../arm-none-eabi/lib/thumb/v7e-m+fp/hard/libc.a
LOAD /usr/lib/gcc/arm-none-eabi/13.2.1/../../../arm-none-eabi/lib/thumb/v7e-m+fp/hard/libm.a
LOAD /usr/lib/gcc/arm-none-eabi/13.2.1/thumb/v7e-m+fp/hard/libgcc.a

.comment        0x00000000       0x26
 .comment       0x00000000       0x26 /usr/lib/gcc/arm-none-eabi/13.2.1/thumb/v7e-m+fp/hard/crtbegin.o
                                 0x27 (size before relaxing)
 .comment       0x00000026       0x27 ./Core/Src/slave.o
 .comment       0x00000026       0x27 ./Core/Src/stm32f3xx_hal_msp.o
 .comment       0x00000026       0x27 ./Core/Src/stm32f3xx_it.o
 .comment       0x00000026       0x27 ./Core/Src/system_stm32f3xx.o
 .comment       0x00000026       0x27 ./Drivers/STM32F3xx_HAL_Driver/Src/stm32f3xx_hal.o
 .comment       0x00000026       0x27 ./Drivers/STM32F3xx_HAL_Driver/Src/stm32f3xx_hal_cortex.o
 .comment       0x00000026       0x27 ./Drivers/STM32F3xx_HAL_Driver/Src/stm32f3xx_hal_gpio.o
 .comment       0x00000026       0x27 ./Drivers/STM32F3xx_HAL_Driver/Src/stm32f3xx_hal_rcc.o
 .comment       0x00000026       0x27 ./Drivers/STM32F3xx_HAL_Driver/Src/stm32f3xx_hal_spi.o
 .comment       0x00000026       0x27 /usr/lib/gcc/arm-none-eabi/13.2.1/../../../arm-none-eabi/lib/thumb/v7e-m+fp/hard/libc_nano.a(libc_a-init.o)
 .comment       0x00000026       0x27 /usr/lib/gcc/arm-none-eabi/13.2.1/../../../arm-none-eabi/lib/thumb/v7e-m+fp/hard/libc_nano.a(libc_a-memset.o)
 .comment       0x00000026       0x27 /usr/lib/gcc/arm-none-eabi/13.2.1/thumb/v7e-m+fp/hard/crtend.o

.debug_info     0x00000000     0x5fbc
 .debug_info    0x00000000      0xb5a ./Core/Src/slave.o
 .debug_info    0x00000b5a      0x82c ./Core/Src/stm32f3xx_hal_msp.o
 .debug_info    0x00001386      0x113 ./Core/Src/stm32f3xx_it.o
 .debug_info    0x00001499      0x3ed ./Core/Src/system_stm32f3xx.o
 .debug_info    0x00001886       0x30 ./Core/Startup/startup_stm32f303vctx.o
 .debug_info    0x000018b6      0x7c8 ./Drivers/STM32F3xx_HAL_Driver/Src/stm32f3xx_hal.o
 .debug_info    0x0000207e      0xcc0 ./Drivers/STM32F3xx_HAL_Driver/Src/stm32f3xx_hal_cortex.o
 .debug_info    0x00002d3e      0x5e6 ./Drivers/STM32F3xx_HAL_Driver/Src/stm32f3xx_hal_gpio.o
 .debug_info    0x00003324     0x145a ./Drivers/STM32F3xx_HAL_Driver/Src/stm32f3xx_hal_rcc.o
 .debug_info    0x0000477e     0x15fe ./Drivers/STM32F3xx_HAL_Driver/Src/stm32f3xx_hal_spi.o
 .debug_info    0x00005d7c      0x10b /usr/lib/gcc/arm-none-eabi/13.2.1/../../../arm-none-eabi/lib/thumb/v7e-m+fp/hard/libc_nano.a(libc_a-init.o)
 .debug_info    0x00005e87      0x135 /usr/lib/gcc/arm-none-eabi/13.2.1/../../../arm-none-eabi/lib/thumb/v7e-m+fp/hard/libc_nano.a(libc_a-memset.o)

.debug_abbrev   0x00000000     0x13b2
 .debug_abbrev  0x00000000      0x277 ./Core/Src/slave.o
 .debug_abbrev  0x00000277      0x1a3 ./Core/Src/stm32f3xx_hal_msp.o
 .debug_abbrev  0x0000041a       0x73 ./Core/Src/stm32f3xx_it.o
 .debug_abbrev  0x0000048d      0x11b ./Core/Src/system_stm32f3xx.o
 .debug_abbrev  0x000005a8       0x24 ./Core/Startup/startup_stm32f303vctx.o
 .debug_abbrev  0x000005cc      0x215 ./Drivers/STM32F3xx_HAL_Driver/Src/stm32f3xx_hal.o
 .debug_abbrev  0x000007e1      0x31e ./Drivers/STM32F3xx_HAL_Driver/Src/stm32f3xx_hal_cortex.o
 .debug_abbrev  0x00000aff      0x1ca ./Drivers/STM32F3xx_HAL_Driver/Src/stm32f3xx_hal_gpio.o
 .debug_abbrev  0x00000cc9      0x300 ./Drivers/STM32F3xx_HAL_Driver/Src/stm32f3xx_hal_rcc.o
 .debug_abbrev  0x00000fc9      0x269 ./Drivers/STM32F3xx_HAL_Driver/Src/stm32f3xx_hal_spi.o
 .debug_abbrev  0x00001232       0xc9 /usr/lib/gcc/arm-none-eabi/13.2.1/../../../arm-none-eabi/lib/thumb/v7e-m+fp/hard/libc_nano.a(libc_a-init.o)
 .debug_abbrev  0x000012fb       0xb7 /usr/lib/gcc/arm-none-eabi/13.2.1/../../../arm-none-eabi/lib/thumb/v7e-m+fp/hard/libc_nano.a(libc_a-memset.o)

.debug_aranges  0x00000000      0x628
 .debug_aranges
                0x00000000       0x48 ./Core/Src/slave.o
 .debug_aranges
                0x00000048       0x30 ./Core/Src/stm32f3xx_hal_msp.o
 .debug_aranges
                0x00000078       0x60 ./Core/Src/stm32f3xx_it.o
 .debug_aranges
                0x000000d8       0x28 ./Core/Src/system_stm32f3xx.o
 .debug_aranges
                0x00000100       0x28 ./Core/Startup/startup_stm32f303vctx.o
 .debug_aranges
                0x00000128       0xe0 ./Drivers/STM32F3xx_HAL_Driver/Src/stm32f3xx_hal.o
 .debug_aranges
                0x00000208      0x128 ./Drivers/STM32F3xx_HAL_Driver/Src/stm32f3xx_hal_cortex.o
 .debug_aranges
                0x00000330       0x58 ./Drivers/STM32F3xx_HAL_Driver/Src/stm32f3xx_hal_gpio.o
 .debug_aranges
                0x00000388       0x88 ./Drivers/STM32F3xx_HAL_Driver/Src/stm32f3xx_hal_rcc.o
 .debug_aranges
                0x00000410      0x1d8 ./Drivers/STM32F3xx_HAL_Driver/Src/stm32f3xx_hal_spi.o
 .debug_aranges
                0x000005e8       0x20 /usr/lib/gcc/arm-none-eabi/13.2.1/../../../arm-none-eabi/lib/thumb/v7e-m+fp/hard/libc_nano.a(libc_a-init.o)
 .debug_aranges
                0x00000608       0x20 /usr/lib/gcc/arm-none-eabi/13.2.1/../../../arm-none-eabi/lib/thumb/v7e-m+fp/hard/libc_nano.a(libc_a-memset.o)

.debug_rnglists
                0x00000000      0x463
 .debug_rnglists
                0x00000000       0x33 ./Core/Src/slave.o
 .debug_rnglists
                0x00000033       0x20 ./Core/Src/stm32f3xx_hal_msp.o
 .debug_rnglists
                0x00000053       0x43 ./Core/Src/stm32f3xx_it.o
 .debug_rnglists
                0x00000096       0x1a ./Core/Src/system_stm32f3xx.o
 .debug_rnglists
                0x000000b0       0x19 ./Core/Startup/startup_stm32f303vctx.o
 .debug_rnglists
                0x000000c9       0xa3 ./Drivers/STM32F3xx_HAL_Driver/Src/stm32f3xx_hal.o
 .debug_rnglists
                0x0000016c       0xda ./Drivers/STM32F3xx_HAL_Driver/Src/stm32f3xx_hal_cortex.o
 .debug_rnglists
                0x00000246       0x3f ./Drivers/STM32F3xx_HAL_Driver/Src/stm32f3xx_hal_gpio.o
 .debug_rnglists
                0x00000285       0x66 ./Drivers/STM32F3xx_HAL_Driver/Src/stm32f3xx_hal_rcc.o
 .debug_rnglists
                0x000002eb      0x178 ./Drivers/STM32F3xx_HAL_Driver/Src/stm32f3xx_hal_spi.o

.debug_macro    0x00000000    0x1c353
 .debug_macro   0x00000000      0x27a ./Core/Src/slave.o
 .debug_macro   0x0000027a      0xad8 ./Core/Src/slave.o
 .debug_macro   0x00000d52      0x151 ./Core/Src/slave.o
 .debug_macro   0x00000ea3       0x2e ./Core/Src/slave.o
 .debug_macro   0x00000ed1       0x28 ./Core/Src/slave.o
 .debug_macro   0x00000ef9      0x34e ./Core/Src/slave.o
 .debug_macro   0x00001247       0x1c ./Core/Src/slave.o
 .debug_macro   0x00001263       0x22 ./Core/Src/slave.o
 .debug_macro   0x00001285       0xd9 ./Core/Src/slave.o
 .debug_macro   0x0000135e     0x102d ./Core/Src/slave.o
 .debug_macro   0x0000238b      0x11f ./Core/Src/slave.o
 .debug_macro   0x000024aa    0x12a3a ./Core/Src/slave.o
 .debug_macro   0x00014ee4       0x6d ./Core/Src/slave.o
 .debug_macro   0x00014f51     0x3574 ./Core/Src/slave.o
 .debug_macro   0x000184c5      0x190 ./Core/Src/slave.o
 .debug_macro   0x00018655       0x55 ./Core/Src/slave.o
 .debug_macro   0x000186aa      0x961 ./Core/Src/slave.o
 .debug_macro   0x0001900b      0x5fe ./Core/Src/slave.o
 .debug_macro   0x00019609      0x1b5 ./Core/Src/slave.o
 .debug_macro   0x000197be      0x1fb ./Core/Src/slave.o
 .debug_macro   0x000199b9      0x1dc ./Core/Src/slave.o
 .debug_macro   0x00019b95      0x1bc ./Core/Src/slave.o
 .debug_macro   0x00019d51       0x30 ./Core/Src/slave.o
 .debug_macro   0x00019d81       0x3c ./Core/Src/slave.o
 .debug_macro   0x00019dbd      0x235 ./Core/Src/slave.o
 .debug_macro   0x00019ff2       0xc5 ./Core/Src/slave.o
 .debug_macro   0x0001a0b7      0x21d ./Core/Src/slave.o
 .debug_macro   0x0001a2d4      0x22c ./Core/Src/slave.o
 .debug_macro   0x0001a500       0x5b ./Core/Src/slave.o
 .debug_macro   0x0001a55b       0xa5 ./Core/Src/slave.o
 .debug_macro   0x0001a600       0x81 ./Core/Src/slave.o
 .debug_macro   0x0001a681       0xd3 ./Core/Src/slave.o
 .debug_macro   0x0001a754      0x2fe ./Core/Src/slave.o
 .debug_macro   0x0001aa52      0x275 ./Core/Src/slave.o
 .debug_macro   0x0001acc7      0x160 ./Core/Src/slave.o
 .debug_macro   0x0001ae27       0x22 ./Core/Src/slave.o
 .debug_macro   0x0001ae49       0x54 ./Core/Src/slave.o
 .debug_macro   0x0001ae9d       0x2a ./Core/Src/slave.o
 .debug_macro   0x0001aec7       0x94 ./Core/Src/slave.o
 .debug_macro   0x0001af5b       0x43 ./Core/Src/slave.o
 .debug_macro   0x0001af9e       0x34 ./Core/Src/slave.o
 .debug_macro   0x0001afd2       0x57 ./Core/Src/slave.o
 .debug_macro   0x0001b029      0x370 ./Core/Src/slave.o
 .debug_macro   0x0001b399       0x16 ./Core/Src/slave.o
 .debug_macro   0x0001b3af       0x4a ./Core/Src/slave.o
 .debug_macro   0x0001b3f9       0x34 ./Core/Src/slave.o
 .debug_macro   0x0001b42d       0x10 ./Core/Src/slave.o
 .debug_macro   0x0001b43d       0x52 ./Core/Src/slave.o
 .debug_macro   0x0001b48f       0x8e ./Core/Src/slave.o
 .debug_macro   0x0001b51d       0x1c ./Core/Src/slave.o
 .debug_macro   0x0001b539      0x177 ./Core/Src/slave.o
 .debug_macro   0x0001b6b0       0x10 ./Core/Src/slave.o
 .debug_macro   0x0001b6c0       0x3c ./Core/Src/slave.o
 .debug_macro   0x0001b6fc      0x18a ./Core/Src/stm32f3xx_hal_msp.o
 .debug_macro   0x0001b886      0x194 ./Core/Src/stm32f3xx_it.o
 .debug_macro   0x0001ba1a      0x17b ./Core/Src/system_stm32f3xx.o
 .debug_macro   0x0001bb95      0x19f ./Drivers/STM32F3xx_HAL_Driver/Src/stm32f3xx_hal.o
 .debug_macro   0x0001bd34      0x17b ./Drivers/STM32F3xx_HAL_Driver/Src/stm32f3xx_hal_cortex.o
 .debug_macro   0x0001beaf      0x182 ./Drivers/STM32F3xx_HAL_Driver/Src/stm32f3xx_hal_gpio.o
 .debug_macro   0x0001c031      0x19f ./Drivers/STM32F3xx_HAL_Driver/Src/stm32f3xx_hal_rcc.o
 .debug_macro   0x0001c1d0      0x183 ./Drivers/STM32F3xx_HAL_Driver/Src/stm32f3xx_hal_spi.o

.debug_line     0x00000000     0x5cbf
 .debug_line    0x00000000      0x669 ./Core/Src/slave.o
 .debug_line    0x00000669      0x416 ./Core/Src/stm32f3xx_hal_msp.o
 .debug_line    0x00000a7f      0x464 ./Core/Src/stm32f3xx_it.o
 .debug_line    0x00000ee3      0x42f ./Core/Src/system_stm32f3xx.o
 .debug_line    0x00001312       0x7a ./Core/Startup/startup_stm32f303vctx.o
 .debug_line    0x0000138c      0x66b ./Drivers/STM32F3xx_HAL_Driver/Src/stm32f3xx_hal.o
 .debug_line    0x000019f7      0x936 ./Drivers/STM32F3xx_HAL_Driver/Src/stm32f3xx_hal_cortex.o
 .debug_line    0x0000232d      0x7b6 ./Drivers/STM32F3xx_HAL_Driver/Src/stm32f3xx_hal_gpio.o
 .debug_line    0x00002ae3     0x11ca ./Drivers/STM32F3xx_HAL_Driver/Src/stm32f3xx_hal_rcc.o
 .debug_line    0x00003cad     0x1d3e ./Drivers/STM32F3xx_HAL_Driver/Src/stm32f3xx_hal_spi.o
 .debug_line    0x000059eb      0x11e /usr/lib/gcc/arm-none-eabi/13.2.1/../../../arm-none-eabi/lib/thumb/v7e-m+fp/hard/libc_nano.a(libc_a-init.o)
 .debug_line    0x00005b09      0x1b6 /usr/lib/gcc/arm-none-eabi/13.2.1/../../../arm-none-eabi/lib/thumb/v7e-m+fp/hard/libc_nano.a(libc_a-memset.o)

.debug_str      0x00000000    0xa9e94
 .debug_str     0x00000000    0xa9e94 ./Core/Src/slave.o
                              0xa8d74 (size before relaxing)
 .debug_str     0x000a9e94    0xa5869 ./Core/Src/stm32f3xx_hal_msp.o
 .debug_str     0x000a9e94    0xa53fa ./Core/Src/stm32f3xx_it.o
 .debug_str     0x000a9e94    0xa4f5b ./Core/Src/system_stm32f3xx.o
 .debug_str     0x000a9e94       0xa4 ./Core/Startup/startup_stm32f303vctx.o
 .debug_str     0x000a9e94    0xa57a3 ./Drivers/STM32F3xx_HAL_Driver/Src/stm32f3xx_hal.o
 .debug_str     0x000a9e94    0xa5813 ./Drivers/STM32F3xx_HAL_Driver/Src/stm32f3xx_hal_cortex.o
 .debug_str     0x000a9e94    0xa50c7 ./Drivers/STM32F3xx_HAL_Driver/Src/stm32f3xx_hal_gpio.o
 .debug_str     0x000a9e94    0xa53e5 ./Drivers/STM32F3xx_HAL_Driver/Src/stm32f3xx_hal_rcc.o
 .debug_str     0x000a9e94    0xa5876 ./Drivers/STM32F3xx_HAL_Driver/Src/stm32f3xx_hal_spi.o
 .debug_str     0x000a9e94      0x1fa /usr/lib/gcc/arm-none-eabi/13.2.1/../../../arm-none-eabi/lib/thumb/v7e-m+fp/hard/libc_nano.a(libc_a-init.o)
 .debug_str     0x000a9e94      0x1ad /usr/lib/gcc/arm-none-eabi/13.2.1/../../../arm-none-eabi/lib/thumb/v7e-m+fp/hard/libc_nano.a(libc_a-memset.o)

.debug_frame    0x00000000     0x16dc
 .debug_frame   0x00000000       0xd0 ./Core/Src/slave.o
 .debug_frame   0x000000d0       0x7c ./Core/Src/stm32f3xx_hal_msp.o
 .debug_frame   0x0000014c      0x104 ./Core/Src/stm32f3xx_it.o
 .debug_frame   0x00000250       0x58 ./Core/Src/system_stm32f3xx.o
 .debug_frame   0x000002a8      0x334 ./Drivers/STM32F3xx_HAL_Driver/Src/stm32f3xx_hal.o
 .debug_frame   0x000005dc      0x4e8 ./Drivers/STM32F3xx_HAL_Driver/Src/stm32f3xx_hal_cortex.o
 .debug_frame   0x00000ac4      0x14c ./Drivers/STM32F3xx_HAL_Driver/Src/stm32f3xx_hal_gpio.o
 .debug_frame   0x00000c10      0x214 ./Drivers/STM32F3xx_HAL_Driver/Src/stm32f3xx_hal_rcc.o
 .debug_frame   0x00000e24      0x860 ./Drivers/STM32F3xx_HAL_Driver/Src/stm32f3xx_hal_spi.o
 .debug_frame   0x00001684       0x2c /usr/lib/gcc/arm-none-eabi/13.2.1/../../../arm-none-eabi/lib/thumb/v7e-m+fp/hard/libc_nano.a(libc_a-init.o)
 .debug_frame   0x000016b0       0x2c /usr/lib/gcc/arm-none-eabi/13.2.1/../../../arm-none-eabi/lib/thumb/v7e-m+fp/hard/libc_nano.a(libc_a-memset.o)

.debug_line_str
                0x00000000       0x8a
 .debug_line_str
                0x00000000       0x8a ./Core/Startup/startup_stm32f303vctx.o

.debug_loclists
                0x00000000      0x227
 .debug_loclists
                0x00000000       0x65 /usr/lib/gcc/arm-none-eabi/13.2.1/../../../arm-none-eabi/lib/thumb/v7e-m+fp/hard/libc_nano.a(libc_a-init.o)
 .debug_loclists
                0x00000065      0x1c2 /usr/lib/gcc/arm-none-eabi/13.2.1/../../../arm-none-eabi/lib/thumb/v7e-m+fp/hard/libc_nano.a(libc_a-memset.o)
