Archive member included to satisfy reference by file (symbol)

/usr/lib/gcc/arm-none-eabi/13.2.1/../../../arm-none-eabi/lib/thumb/v7e-m+fp/hard/libc_nano.a(libc_a-init.o)
                              /usr/lib/gcc/arm-none-eabi/13.2.1/../../../arm-none-eabi/lib/thumb/v7e-m+fp/hard/crt0.o (__libc_init_array)
/usr/lib/gcc/arm-none-eabi/13.2.1/../../../arm-none-eabi/lib/thumb/v7e-m+fp/hard/libc_nano.a(libc_a-strlen.o)
                              ./Src/spi_tx_testing.o (strlen)
/usr/lib/gcc/arm-none-eabi/13.2.1/../../../arm-none-eabi/lib/thumb/v7e-m+fp/hard/libc_nano.a(libc_a-memset.o)
                              /usr/lib/gcc/arm-none-eabi/13.2.1/../../../arm-none-eabi/lib/thumb/v7e-m+fp/hard/crt0.o (memset)
/usr/lib/gcc/arm-none-eabi/13.2.1/../../../arm-none-eabi/lib/thumb/v7e-m+fp/hard/libc_nano.a(libc_a-errno.o)
                              ./Src/syscalls.o (__errno)
/usr/lib/gcc/arm-none-eabi/13.2.1/../../../arm-none-eabi/lib/thumb/v7e-m+fp/hard/libc_nano.a(libc_a-memcpy.o)
                              ./Src/spi_tx_testing.o (memcpy)
/usr/lib/gcc/arm-none-eabi/13.2.1/../../../arm-none-eabi/lib/thumb/v7e-m+fp/hard/libc_nano.a(libc_a-exit.o)
                              /usr/lib/gcc/arm-none-eabi/13.2.1/../../../arm-none-eabi/lib/thumb/v7e-m+fp/hard/crt0.o (exit)
/usr/lib/gcc/arm-none-eabi/13.2.1/../../../arm-none-eabi/lib/thumb/v7e-m+fp/hard/libc_nano.a(libc_a-atexit.o)
                              /usr/lib/gcc/arm-none-eabi/13.2.1/../../../arm-none-eabi/lib/thumb/v7e-m+fp/hard/crt0.o (atexit)
/usr/lib/gcc/arm-none-eabi/13.2.1/../../../arm-none-eabi/lib/thumb/v7e-m+fp/hard/libc_nano.a(libc_a-fini.o)
                              /usr/lib/gcc/arm-none-eabi/13.2.1/../../../arm-none-eabi/lib/thumb/v7e-m+fp/hard/crt0.o (__libc_fini_array)
/usr/lib/gcc/arm-none-eabi/13.2.1/../../../arm-none-eabi/lib/thumb/v7e-m+fp/hard/libc_nano.a(libc_a-impure.o)
                              /usr/lib/gcc/arm-none-eabi/13.2.1/../../../arm-none-eabi/lib/thumb/v7e-m+fp/hard/libc_nano.a(libc_a-errno.o) (_impure_ptr)
/usr/lib/gcc/arm-none-eabi/13.2.1/../../../arm-none-eabi/lib/thumb/v7e-m+fp/hard/libc_nano.a(libc_a-findfp.o)
                              /usr/lib/gcc/arm-none-eabi/13.2.1/../../../arm-none-eabi/lib/thumb/v7e-m+fp/hard/libc_nano.a(libc_a-exit.o) (__stdio_exit_handler)
/usr/lib/gcc/arm-none-eabi/13.2.1/../../../arm-none-eabi/lib/thumb/v7e-m+fp/hard/libc_nano.a(libc_a-fflush.o)
                              /usr/lib/gcc/arm-none-eabi/13.2.1/../../../arm-none-eabi/lib/thumb/v7e-m+fp/hard/libc_nano.a(libc_a-findfp.o) (_fflush_r)
/usr/lib/gcc/arm-none-eabi/13.2.1/../../../arm-none-eabi/lib/thumb/v7e-m+fp/hard/libc_nano.a(libc_a-mallocr.o)
                              /usr/lib/gcc/arm-none-eabi/13.2.1/../../../arm-none-eabi/lib/thumb/v7e-m+fp/hard/libc_nano.a(libc_a-findfp.o) (_malloc_r)
/usr/lib/gcc/arm-none-eabi/13.2.1/../../../arm-none-eabi/lib/thumb/v7e-m+fp/hard/libc_nano.a(libc_a-freer.o)
                              /usr/lib/gcc/arm-none-eabi/13.2.1/../../../arm-none-eabi/lib/thumb/v7e-m+fp/hard/libc_nano.a(libc_a-fflush.o) (_free_r)
/usr/lib/gcc/arm-none-eabi/13.2.1/../../../arm-none-eabi/lib/thumb/v7e-m+fp/hard/libc_nano.a(libc_a-fwalk.o)
                              /usr/lib/gcc/arm-none-eabi/13.2.1/../../../arm-none-eabi/lib/thumb/v7e-m+fp/hard/libc_nano.a(libc_a-findfp.o) (_fwalk_sglue)
/usr/lib/gcc/arm-none-eabi/13.2.1/../../../arm-none-eabi/lib/thumb/v7e-m+fp/hard/libc_nano.a(libc_a-__atexit.o)
                              /usr/lib/gcc/arm-none-eabi/13.2.1/../../../arm-none-eabi/lib/thumb/v7e-m+fp/hard/libc_nano.a(libc_a-atexit.o) (__register_exitproc)
/usr/lib/gcc/arm-none-eabi/13.2.1/../../../arm-none-eabi/lib/thumb/v7e-m+fp/hard/libc_nano.a(libc_a-mlock.o)
                              /usr/lib/gcc/arm-none-eabi/13.2.1/../../../arm-none-eabi/lib/thumb/v7e-m+fp/hard/libc_nano.a(libc_a-mallocr.o) (__malloc_lock)
/usr/lib/gcc/arm-none-eabi/13.2.1/../../../arm-none-eabi/lib/thumb/v7e-m+fp/hard/libc_nano.a(libc_a-sbrkr.o)
                              /usr/lib/gcc/arm-none-eabi/13.2.1/../../../arm-none-eabi/lib/thumb/v7e-m+fp/hard/libc_nano.a(libc_a-mallocr.o) (_sbrk_r)
/usr/lib/gcc/arm-none-eabi/13.2.1/../../../arm-none-eabi/lib/thumb/v7e-m+fp/hard/libc_nano.a(libc_a-stdio.o)
                              /usr/lib/gcc/arm-none-eabi/13.2.1/../../../arm-none-eabi/lib/thumb/v7e-m+fp/hard/libc_nano.a(libc_a-findfp.o) (__sread)
/usr/lib/gcc/arm-none-eabi/13.2.1/../../../arm-none-eabi/lib/thumb/v7e-m+fp/hard/libc_nano.a(libc_a-closer.o)
                              /usr/lib/gcc/arm-none-eabi/13.2.1/../../../arm-none-eabi/lib/thumb/v7e-m+fp/hard/libc_nano.a(libc_a-stdio.o) (_close_r)
/usr/lib/gcc/arm-none-eabi/13.2.1/../../../arm-none-eabi/lib/thumb/v7e-m+fp/hard/libc_nano.a(libc_a-__call_atexit.o)
                              /usr/lib/gcc/arm-none-eabi/13.2.1/../../../arm-none-eabi/lib/thumb/v7e-m+fp/hard/libc_nano.a(libc_a-__atexit.o) (__call_exitprocs)
/usr/lib/gcc/arm-none-eabi/13.2.1/../../../arm-none-eabi/lib/thumb/v7e-m+fp/hard/libc_nano.a(libc_a-readr.o)
                              /usr/lib/gcc/arm-none-eabi/13.2.1/../../../arm-none-eabi/lib/thumb/v7e-m+fp/hard/libc_nano.a(libc_a-stdio.o) (_read_r)
/usr/lib/gcc/arm-none-eabi/13.2.1/../../../arm-none-eabi/lib/thumb/v7e-m+fp/hard/libc_nano.a(libc_a-reent.o)
                              /usr/lib/gcc/arm-none-eabi/13.2.1/../../../arm-none-eabi/lib/thumb/v7e-m+fp/hard/libc_nano.a(libc_a-sbrkr.o) (errno)
/usr/lib/gcc/arm-none-eabi/13.2.1/../../../arm-none-eabi/lib/thumb/v7e-m+fp/hard/libc_nano.a(libc_a-lseekr.o)
                              /usr/lib/gcc/arm-none-eabi/13.2.1/../../../arm-none-eabi/lib/thumb/v7e-m+fp/hard/libc_nano.a(libc_a-stdio.o) (_lseek_r)
/usr/lib/gcc/arm-none-eabi/13.2.1/../../../arm-none-eabi/lib/thumb/v7e-m+fp/hard/libc_nano.a(libc_a-writer.o)
                              /usr/lib/gcc/arm-none-eabi/13.2.1/../../../arm-none-eabi/lib/thumb/v7e-m+fp/hard/libc_nano.a(libc_a-stdio.o) (_write_r)

Discarded input sections

 .text          0x00000000        0x0 /usr/lib/gcc/arm-none-eabi/13.2.1/thumb/v7e-m+fp/hard/crti.o
 .data          0x00000000        0x0 /usr/lib/gcc/arm-none-eabi/13.2.1/thumb/v7e-m+fp/hard/crti.o
 .bss           0x00000000        0x0 /usr/lib/gcc/arm-none-eabi/13.2.1/thumb/v7e-m+fp/hard/crti.o
 .data          0x00000000        0x4 /usr/lib/gcc/arm-none-eabi/13.2.1/thumb/v7e-m+fp/hard/crtbegin.o
 .rodata        0x00000000       0x24 /usr/lib/gcc/arm-none-eabi/13.2.1/thumb/v7e-m+fp/hard/crtbegin.o
 .text          0x00000000       0x70 /usr/lib/gcc/arm-none-eabi/13.2.1/../../../arm-none-eabi/lib/thumb/v7e-m+fp/hard/crt0.o
 .data          0x00000000        0x0 /usr/lib/gcc/arm-none-eabi/13.2.1/../../../arm-none-eabi/lib/thumb/v7e-m+fp/hard/crt0.o
 .bss           0x00000000        0x0 /usr/lib/gcc/arm-none-eabi/13.2.1/../../../arm-none-eabi/lib/thumb/v7e-m+fp/hard/crt0.o
 .ARM.extab     0x00000000        0x0 /usr/lib/gcc/arm-none-eabi/13.2.1/../../../arm-none-eabi/lib/thumb/v7e-m+fp/hard/crt0.o
 .ARM.exidx     0x00000000       0x10 /usr/lib/gcc/arm-none-eabi/13.2.1/../../../arm-none-eabi/lib/thumb/v7e-m+fp/hard/crt0.o
 .debug_line    0x00000000       0x75 /usr/lib/gcc/arm-none-eabi/13.2.1/../../../arm-none-eabi/lib/thumb/v7e-m+fp/hard/crt0.o
 .debug_line_str
                0x00000000       0x82 /usr/lib/gcc/arm-none-eabi/13.2.1/../../../arm-none-eabi/lib/thumb/v7e-m+fp/hard/crt0.o
 .debug_info    0x00000000       0x24 /usr/lib/gcc/arm-none-eabi/13.2.1/../../../arm-none-eabi/lib/thumb/v7e-m+fp/hard/crt0.o
 .debug_abbrev  0x00000000       0x14 /usr/lib/gcc/arm-none-eabi/13.2.1/../../../arm-none-eabi/lib/thumb/v7e-m+fp/hard/crt0.o
 .debug_aranges
                0x00000000       0x20 /usr/lib/gcc/arm-none-eabi/13.2.1/../../../arm-none-eabi/lib/thumb/v7e-m+fp/hard/crt0.o
 .debug_str     0x00000000       0x8e /usr/lib/gcc/arm-none-eabi/13.2.1/../../../arm-none-eabi/lib/thumb/v7e-m+fp/hard/crt0.o
 .ARM.attributes
                0x00000000       0x20 /usr/lib/gcc/arm-none-eabi/13.2.1/../../../arm-none-eabi/lib/thumb/v7e-m+fp/hard/crt0.o
 .group         0x00000000        0xc ./Src/spi_tx_testing.o
 .group         0x00000000        0xc ./Src/spi_tx_testing.o
 .group         0x00000000        0xc ./Src/spi_tx_testing.o
 .group         0x00000000        0xc ./Src/spi_tx_testing.o
 .group         0x00000000        0xc ./Src/spi_tx_testing.o
 .group         0x00000000        0xc ./Src/spi_tx_testing.o
 .group         0x00000000        0xc ./Src/spi_tx_testing.o
 .group         0x00000000        0xc ./Src/spi_tx_testing.o
 .group         0x00000000        0xc ./Src/spi_tx_testing.o
 .group         0x00000000        0xc ./Src/spi_tx_testing.o
 .group         0x00000000        0xc ./Src/spi_tx_testing.o
 .group         0x00000000        0xc ./Src/spi_tx_testing.o
 .group         0x00000000        0xc ./Src/spi_tx_testing.o
 .group         0x00000000        0xc ./Src/spi_tx_testing.o
 .group         0x00000000        0xc ./Src/spi_tx_testing.o
 .group         0x00000000        0xc ./Src/spi_tx_testing.o
 .group         0x00000000        0xc ./Src/spi_tx_testing.o
 .group         0x00000000        0xc ./Src/spi_tx_testing.o
 .group         0x00000000        0xc ./Src/spi_tx_testing.o
 .group         0x00000000        0xc ./Src/spi_tx_testing.o
 .group         0x00000000        0xc ./Src/spi_tx_testing.o
 .group         0x00000000        0xc ./Src/spi_tx_testing.o
 .group         0x00000000        0xc ./Src/spi_tx_testing.o
 .group         0x00000000        0xc ./Src/spi_tx_testing.o
 .text          0x00000000        0x0 ./Src/spi_tx_testing.o
 .data          0x00000000        0x0 ./Src/spi_tx_testing.o
 .bss           0x00000000        0x0 ./Src/spi_tx_testing.o
 .group         0x00000000        0xc ./Src/syscalls.o
 .group         0x00000000        0xc ./Src/syscalls.o
 .group         0x00000000        0xc ./Src/syscalls.o
 .group         0x00000000        0xc ./Src/syscalls.o
 .group         0x00000000        0xc ./Src/syscalls.o
 .group         0x00000000        0xc ./Src/syscalls.o
 .group         0x00000000        0xc ./Src/syscalls.o
 .group         0x00000000        0xc ./Src/syscalls.o
 .group         0x00000000        0xc ./Src/syscalls.o
 .group         0x00000000        0xc ./Src/syscalls.o
 .group         0x00000000        0xc ./Src/syscalls.o
 .group         0x00000000        0xc ./Src/syscalls.o
 .group         0x00000000        0xc ./Src/syscalls.o
 .group         0x00000000        0xc ./Src/syscalls.o
 .group         0x00000000        0xc ./Src/syscalls.o
 .group         0x00000000        0xc ./Src/syscalls.o
 .group         0x00000000        0xc ./Src/syscalls.o
 .group         0x00000000        0xc ./Src/syscalls.o
 .group         0x00000000        0xc ./Src/syscalls.o
 .group         0x00000000        0xc ./Src/syscalls.o
 .group         0x00000000        0xc ./Src/syscalls.o
 .group         0x00000000        0xc ./Src/syscalls.o
 .group         0x00000000        0xc ./Src/syscalls.o
 .group         0x00000000        0xc ./Src/syscalls.o
 .group         0x00000000        0xc ./Src/syscalls.o
 .group         0x00000000        0xc ./Src/syscalls.o
 .group         0x00000000        0xc ./Src/syscalls.o
 .group         0x00000000        0xc ./Src/syscalls.o
 .group         0x00000000        0xc ./Src/syscalls.o
 .group         0x00000000        0xc ./Src/syscalls.o
 .group         0x00000000        0xc ./Src/syscalls.o
 .group         0x00000000        0xc ./Src/syscalls.o
 .group         0x00000000        0xc ./Src/syscalls.o
 .group         0x00000000        0xc ./Src/syscalls.o
 .group         0x00000000        0xc ./Src/syscalls.o
 .group         0x00000000        0xc ./Src/syscalls.o
 .group         0x00000000        0xc ./Src/syscalls.o
 .group         0x00000000        0xc ./Src/syscalls.o
 .group         0x00000000        0xc ./Src/syscalls.o
 .group         0x00000000        0xc ./Src/syscalls.o
 .group         0x00000000        0xc ./Src/syscalls.o
 .group         0x00000000        0xc ./Src/syscalls.o
 .group         0x00000000        0xc ./Src/syscalls.o
 .group         0x00000000        0xc ./Src/syscalls.o
 .group         0x00000000        0xc ./Src/syscalls.o
 .group         0x00000000        0xc ./Src/syscalls.o
 .group         0x00000000        0xc ./Src/syscalls.o
 .group         0x00000000        0xc ./Src/syscalls.o
 .text          0x00000000        0x0 ./Src/syscalls.o
 .data          0x00000000        0x0 ./Src/syscalls.o
 .bss           0x00000000        0x0 ./Src/syscalls.o
 .bss.__env     0x00000000        0x4 ./Src/syscalls.o
 .data.environ  0x00000000        0x4 ./Src/syscalls.o
 .text.initialise_monitor_handles
                0x00000000        0xe ./Src/syscalls.o
 .text._getpid  0x00000000       0x10 ./Src/syscalls.o
 .text._kill    0x00000000       0x20 ./Src/syscalls.o
 .text._exit    0x00000000       0x16 ./Src/syscalls.o
 .text._read    0x00000000       0x3a ./Src/syscalls.o
 .text._write   0x00000000       0x38 ./Src/syscalls.o
 .text._close   0x00000000       0x18 ./Src/syscalls.o
 .text._fstat   0x00000000       0x20 ./Src/syscalls.o
 .text._isatty  0x00000000       0x16 ./Src/syscalls.o
 .text._lseek   0x00000000       0x1a ./Src/syscalls.o
 .text._open    0x00000000       0x1c ./Src/syscalls.o
 .text._wait    0x00000000       0x1e ./Src/syscalls.o
 .text._unlink  0x00000000       0x1e ./Src/syscalls.o
 .text._times   0x00000000       0x18 ./Src/syscalls.o
 .text._stat    0x00000000       0x20 ./Src/syscalls.o
 .text._link    0x00000000       0x20 ./Src/syscalls.o
 .text._fork    0x00000000       0x16 ./Src/syscalls.o
 .text._execve  0x00000000       0x22 ./Src/syscalls.o
 .debug_info    0x00000000      0x6a3 ./Src/syscalls.o
 .debug_abbrev  0x00000000      0x1b6 ./Src/syscalls.o
 .debug_aranges
                0x00000000       0xa8 ./Src/syscalls.o
 .debug_rnglists
                0x00000000       0x79 ./Src/syscalls.o
 .debug_macro   0x00000000      0x25b ./Src/syscalls.o
 .debug_macro   0x00000000      0xae4 ./Src/syscalls.o
 .debug_macro   0x00000000       0x22 ./Src/syscalls.o
 .debug_macro   0x00000000       0x54 ./Src/syscalls.o
 .debug_macro   0x00000000       0x2a ./Src/syscalls.o
 .debug_macro   0x00000000       0x94 ./Src/syscalls.o
 .debug_macro   0x00000000       0x43 ./Src/syscalls.o
 .debug_macro   0x00000000       0x34 ./Src/syscalls.o
 .debug_macro   0x00000000       0x57 ./Src/syscalls.o
 .debug_macro   0x00000000      0x190 ./Src/syscalls.o
 .debug_macro   0x00000000      0x370 ./Src/syscalls.o
 .debug_macro   0x00000000       0x16 ./Src/syscalls.o
 .debug_macro   0x00000000       0x4a ./Src/syscalls.o
 .debug_macro   0x00000000       0x34 ./Src/syscalls.o
 .debug_macro   0x00000000       0x10 ./Src/syscalls.o
 .debug_macro   0x00000000       0x52 ./Src/syscalls.o
 .debug_macro   0x00000000       0x8e ./Src/syscalls.o
 .debug_macro   0x00000000       0x1c ./Src/syscalls.o
 .debug_macro   0x00000000      0x177 ./Src/syscalls.o
 .debug_macro   0x00000000       0x10 ./Src/syscalls.o
 .debug_macro   0x00000000       0x3c ./Src/syscalls.o
 .debug_macro   0x00000000       0x10 ./Src/syscalls.o
 .debug_macro   0x00000000       0x10 ./Src/syscalls.o
 .debug_macro   0x00000000       0x10 ./Src/syscalls.o
 .debug_macro   0x00000000       0x6a ./Src/syscalls.o
 .debug_macro   0x00000000       0x1c ./Src/syscalls.o
 .debug_macro   0x00000000       0x52 ./Src/syscalls.o
 .debug_macro   0x00000000       0x22 ./Src/syscalls.o
 .debug_macro   0x00000000       0x10 ./Src/syscalls.o
 .debug_macro   0x00000000       0x52 ./Src/syscalls.o
 .debug_macro   0x00000000       0xcf ./Src/syscalls.o
 .debug_macro   0x00000000       0x1c ./Src/syscalls.o
 .debug_macro   0x00000000       0x3d ./Src/syscalls.o
 .debug_macro   0x00000000       0x35 ./Src/syscalls.o
 .debug_macro   0x00000000      0x12c ./Src/syscalls.o
 .debug_macro   0x00000000       0x16 ./Src/syscalls.o
 .debug_macro   0x00000000       0x16 ./Src/syscalls.o
 .debug_macro   0x00000000       0x29 ./Src/syscalls.o
 .debug_macro   0x00000000       0x10 ./Src/syscalls.o
 .debug_macro   0x00000000      0x242 ./Src/syscalls.o
 .debug_macro   0x00000000       0x1c ./Src/syscalls.o
 .debug_macro   0x00000000       0x10 ./Src/syscalls.o
 .debug_macro   0x00000000       0x10 ./Src/syscalls.o
 .debug_macro   0x00000000       0x16 ./Src/syscalls.o
 .debug_macro   0x00000000      0x146 ./Src/syscalls.o
 .debug_macro   0x00000000      0x34e ./Src/syscalls.o
 .debug_macro   0x00000000      0x18a ./Src/syscalls.o
 .debug_macro   0x00000000       0x16 ./Src/syscalls.o
 .debug_macro   0x00000000       0xce ./Src/syscalls.o
 .debug_line    0x00000000      0x508 ./Src/syscalls.o
 .debug_str     0x00000000     0x9858 ./Src/syscalls.o
 .comment       0x00000000       0x27 ./Src/syscalls.o
 .debug_frame   0x00000000      0x2ac ./Src/syscalls.o
 .ARM.attributes
                0x00000000       0x34 ./Src/syscalls.o
 .group         0x00000000        0xc ./Src/sysmem.o
 .group         0x00000000        0xc ./Src/sysmem.o
 .group         0x00000000        0xc ./Src/sysmem.o
 .group         0x00000000        0xc ./Src/sysmem.o
 .group         0x00000000        0xc ./Src/sysmem.o
 .group         0x00000000        0xc ./Src/sysmem.o
 .group         0x00000000        0xc ./Src/sysmem.o
 .group         0x00000000        0xc ./Src/sysmem.o
 .group         0x00000000        0xc ./Src/sysmem.o
 .group         0x00000000        0xc ./Src/sysmem.o
 .group         0x00000000        0xc ./Src/sysmem.o
 .group         0x00000000        0xc ./Src/sysmem.o
 .group         0x00000000        0xc ./Src/sysmem.o
 .group         0x00000000        0xc ./Src/sysmem.o
 .group         0x00000000        0xc ./Src/sysmem.o
 .group         0x00000000        0xc ./Src/sysmem.o
 .group         0x00000000        0xc ./Src/sysmem.o
 .group         0x00000000        0xc ./Src/sysmem.o
 .group         0x00000000        0xc ./Src/sysmem.o
 .group         0x00000000        0xc ./Src/sysmem.o
 .group         0x00000000        0xc ./Src/sysmem.o
 .text          0x00000000        0x0 ./Src/sysmem.o
 .data          0x00000000        0x0 ./Src/sysmem.o
 .bss           0x00000000        0x0 ./Src/sysmem.o
 .bss.__sbrk_heap_end
                0x00000000        0x4 ./Src/sysmem.o
 .text._sbrk    0x00000000       0x6c ./Src/sysmem.o
 .debug_info    0x00000000      0x150 ./Src/sysmem.o
 .debug_abbrev  0x00000000       0xbc ./Src/sysmem.o
 .debug_aranges
                0x00000000       0x20 ./Src/sysmem.o
 .debug_rnglists
                0x00000000       0x13 ./Src/sysmem.o
 .debug_macro   0x00000000       0xf0 ./Src/sysmem.o
 .debug_macro   0x00000000      0xae4 ./Src/sysmem.o
 .debug_macro   0x00000000       0x10 ./Src/sysmem.o
 .debug_macro   0x00000000       0x22 ./Src/sysmem.o
 .debug_macro   0x00000000       0x54 ./Src/sysmem.o
 .debug_macro   0x00000000       0x2a ./Src/sysmem.o
 .debug_macro   0x00000000       0x94 ./Src/sysmem.o
 .debug_macro   0x00000000       0x43 ./Src/sysmem.o
 .debug_macro   0x00000000       0x34 ./Src/sysmem.o
 .debug_macro   0x00000000      0x190 ./Src/sysmem.o
 .debug_macro   0x00000000       0x57 ./Src/sysmem.o
 .debug_macro   0x00000000      0x370 ./Src/sysmem.o
 .debug_macro   0x00000000       0x16 ./Src/sysmem.o
 .debug_macro   0x00000000       0x4a ./Src/sysmem.o
 .debug_macro   0x00000000       0x34 ./Src/sysmem.o
 .debug_macro   0x00000000       0x10 ./Src/sysmem.o
 .debug_macro   0x00000000       0x52 ./Src/sysmem.o
 .debug_macro   0x00000000       0x8e ./Src/sysmem.o
 .debug_macro   0x00000000       0x1c ./Src/sysmem.o
 .debug_macro   0x00000000      0x177 ./Src/sysmem.o
 .debug_macro   0x00000000      0x23c ./Src/sysmem.o
 .debug_macro   0x00000000      0x34e ./Src/sysmem.o
 .debug_line    0x00000000      0x1d6 ./Src/sysmem.o
 .debug_str     0x00000000     0x7496 ./Src/sysmem.o
 .comment       0x00000000       0x27 ./Src/sysmem.o
 .debug_frame   0x00000000       0x34 ./Src/sysmem.o
 .ARM.attributes
                0x00000000       0x34 ./Src/sysmem.o
 .text          0x00000000       0x14 ./Startup/startup_stm32f407vgtx.o
 .data          0x00000000        0x0 ./Startup/startup_stm32f407vgtx.o
 .bss           0x00000000        0x0 ./Startup/startup_stm32f407vgtx.o
 .group         0x00000000        0xc ./drivers/stm32f407xx_gpio_driver.o
 .group         0x00000000        0xc ./drivers/stm32f407xx_gpio_driver.o
 .group         0x00000000        0xc ./drivers/stm32f407xx_gpio_driver.o
 .group         0x00000000        0xc ./drivers/stm32f407xx_gpio_driver.o
 .group         0x00000000        0xc ./drivers/stm32f407xx_gpio_driver.o
 .text          0x00000000        0x0 ./drivers/stm32f407xx_gpio_driver.o
 .data          0x00000000        0x0 ./drivers/stm32f407xx_gpio_driver.o
 .bss           0x00000000        0x0 ./drivers/stm32f407xx_gpio_driver.o
 .text.GPIO_DeInit
                0x00000000      0x16c ./drivers/stm32f407xx_gpio_driver.o
 .text.GPIO_ReadFromInputPort
                0x00000000       0x1c ./drivers/stm32f407xx_gpio_driver.o
 .text.GPIO_WriteToOutputPort
                0x00000000       0x1e ./drivers/stm32f407xx_gpio_driver.o
 .text.GPIO_WriteToOutputPin
                0x00000000       0x4a ./drivers/stm32f407xx_gpio_driver.o
 .text.GPIO_ToggleOutputPin
                0x00000000       0x2a ./drivers/stm32f407xx_gpio_driver.o
 .text.GPIO_IRQInterruptConfig
                0x00000000      0x110 ./drivers/stm32f407xx_gpio_driver.o
 .text.GPIO_IRQPriorityConfig
                0x00000000       0x88 ./drivers/stm32f407xx_gpio_driver.o
 .text.GPIO_IRQHandler
                0x00000000       0x40 ./drivers/stm32f407xx_gpio_driver.o
 .debug_macro   0x00000000      0xae4 ./drivers/stm32f407xx_gpio_driver.o
 .debug_macro   0x00000000      0x34e ./drivers/stm32f407xx_gpio_driver.o
 .debug_macro   0x00000000      0x190 ./drivers/stm32f407xx_gpio_driver.o
 .debug_macro   0x00000000      0x662 ./drivers/stm32f407xx_gpio_driver.o
 .group         0x00000000        0xc ./drivers/stm32f407xx_i2c_driver.o
 .group         0x00000000        0xc ./drivers/stm32f407xx_i2c_driver.o
 .group         0x00000000        0xc ./drivers/stm32f407xx_i2c_driver.o
 .group         0x00000000        0xc ./drivers/stm32f407xx_i2c_driver.o
 .group         0x00000000        0xc ./drivers/stm32f407xx_i2c_driver.o
 .group         0x00000000        0xc ./drivers/stm32f407xx_i2c_driver.o
 .text          0x00000000        0x0 ./drivers/stm32f407xx_i2c_driver.o
 .data          0x00000000        0x0 ./drivers/stm32f407xx_i2c_driver.o
 .bss           0x00000000        0x0 ./drivers/stm32f407xx_i2c_driver.o
 .text.I2C_GenerateStartCondition
                0x00000000       0x20 ./drivers/stm32f407xx_i2c_driver.o
 .text.I2C_ExecuteAddressPhaseWrite
                0x00000000       0x2c ./drivers/stm32f407xx_i2c_driver.o
 .text.I2C_ExecuteAddressPhaseRead
                0x00000000       0x2c ./drivers/stm32f407xx_i2c_driver.o
 .text.I2C_ClearADDRFlag
                0x00000000       0x6e ./drivers/stm32f407xx_i2c_driver.o
 .text.I2C_GenerateStopCondition
                0x00000000       0x20 ./drivers/stm32f407xx_i2c_driver.o
 .text.I2C_SlaveEnableDisableCallbackEvents
                0x00000000       0x68 ./drivers/stm32f407xx_i2c_driver.o
 .text.I2C_PeripheralControl
                0x00000000       0x38 ./drivers/stm32f407xx_i2c_driver.o
 .text.I2C_PeriClockControl
                0x00000000       0x70 ./drivers/stm32f407xx_i2c_driver.o
 .text.I2C_Init
                0x00000000      0x160 ./drivers/stm32f407xx_i2c_driver.o
 .text.I2C_DeInit
                0x00000000       0x14 ./drivers/stm32f407xx_i2c_driver.o
 .text.I2C_GetFlagStatus
                0x00000000       0x28 ./drivers/stm32f407xx_i2c_driver.o
 .text.I2C_MasterSendData
                0x00000000       0xc6 ./drivers/stm32f407xx_i2c_driver.o
 .text.I2C_MasterReceiveData
                0x00000000      0x124 ./drivers/stm32f407xx_i2c_driver.o
 .text.I2C_ManageAcking
                0x00000000       0x38 ./drivers/stm32f407xx_i2c_driver.o
 .text.I2C_IRQInterruptConfig
                0x00000000      0x10c ./drivers/stm32f407xx_i2c_driver.o
 .text.I2C_IRQPriorityConfig
                0x00000000       0x54 ./drivers/stm32f407xx_i2c_driver.o
 .text.I2C_MasterSendDataIT
                0x00000000       0x86 ./drivers/stm32f407xx_i2c_driver.o
 .text.I2C_MasterReceiveDataIT
                0x00000000       0x94 ./drivers/stm32f407xx_i2c_driver.o
 .text.I2C_MasterHandleTXEInterrupt
                0x00000000       0x3c ./drivers/stm32f407xx_i2c_driver.o
 .text.I2C_MasterHandleRXNEInterrupt
                0x00000000       0x98 ./drivers/stm32f407xx_i2c_driver.o
 .text.I2C_CloseReceiveData
                0x00000000       0x5c ./drivers/stm32f407xx_i2c_driver.o
 .text.I2C_CloseSendData
                0x00000000       0x46 ./drivers/stm32f407xx_i2c_driver.o
 .text.I2C_SlaveSendData
                0x00000000       0x1e ./drivers/stm32f407xx_i2c_driver.o
 .text.I2C_SlaveReceiveData
                0x00000000       0x1a ./drivers/stm32f407xx_i2c_driver.o
 .text.I2C_EV_IRQHandling
                0x00000000      0x1b8 ./drivers/stm32f407xx_i2c_driver.o
 .text.I2C_ER_IRQHandling
                0x00000000      0x10c ./drivers/stm32f407xx_i2c_driver.o
 .debug_info    0x00000000      0xa33 ./drivers/stm32f407xx_i2c_driver.o
 .debug_abbrev  0x00000000      0x2a9 ./drivers/stm32f407xx_i2c_driver.o
 .debug_aranges
                0x00000000       0xe8 ./drivers/stm32f407xx_i2c_driver.o
 .debug_rnglists
                0x00000000       0xb2 ./drivers/stm32f407xx_i2c_driver.o
 .debug_macro   0x00000000       0x62 ./drivers/stm32f407xx_i2c_driver.o
 .debug_macro   0x00000000      0xae4 ./drivers/stm32f407xx_i2c_driver.o
 .debug_macro   0x00000000      0x34e ./drivers/stm32f407xx_i2c_driver.o
 .debug_macro   0x00000000      0x190 ./drivers/stm32f407xx_i2c_driver.o
 .debug_macro   0x00000000      0x662 ./drivers/stm32f407xx_i2c_driver.o
 .debug_macro   0x00000000       0xbe ./drivers/stm32f407xx_i2c_driver.o
 .debug_macro   0x00000000       0xd0 ./drivers/stm32f407xx_i2c_driver.o
 .debug_line    0x00000000      0xa66 ./drivers/stm32f407xx_i2c_driver.o
 .debug_str     0x00000000     0x630f ./drivers/stm32f407xx_i2c_driver.o
 .comment       0x00000000       0x27 ./drivers/stm32f407xx_i2c_driver.o
 .debug_frame   0x00000000      0x3f8 ./drivers/stm32f407xx_i2c_driver.o
 .ARM.attributes
                0x00000000       0x34 ./drivers/stm32f407xx_i2c_driver.o
 .group         0x00000000        0xc ./drivers/stm32f407xx_rcc_driver.o
 .group         0x00000000        0xc ./drivers/stm32f407xx_rcc_driver.o
 .group         0x00000000        0xc ./drivers/stm32f407xx_rcc_driver.o
 .group         0x00000000        0xc ./drivers/stm32f407xx_rcc_driver.o
 .text          0x00000000        0x0 ./drivers/stm32f407xx_rcc_driver.o
 .data          0x00000000        0x0 ./drivers/stm32f407xx_rcc_driver.o
 .bss           0x00000000        0x0 ./drivers/stm32f407xx_rcc_driver.o
 .data.AHB_PreScaler
                0x00000000       0x10 ./drivers/stm32f407xx_rcc_driver.o
 .data.APB1_PreScaler
                0x00000000        0x4 ./drivers/stm32f407xx_rcc_driver.o
 .text.RCC_GetPCLK1Value
                0x00000000       0xb0 ./drivers/stm32f407xx_rcc_driver.o
 .text.RCC_GetPCLK2Value
                0x00000000       0xa0 ./drivers/stm32f407xx_rcc_driver.o
 .text.RCC_GetPLLOutputClock
                0x00000000       0x10 ./drivers/stm32f407xx_rcc_driver.o
 .debug_info    0x00000000      0x390 ./drivers/stm32f407xx_rcc_driver.o
 .debug_abbrev  0x00000000      0x123 ./drivers/stm32f407xx_rcc_driver.o
 .debug_aranges
                0x00000000       0x30 ./drivers/stm32f407xx_rcc_driver.o
 .debug_rnglists
                0x00000000       0x21 ./drivers/stm32f407xx_rcc_driver.o
 .debug_macro   0x00000000       0x40 ./drivers/stm32f407xx_rcc_driver.o
 .debug_macro   0x00000000      0xae4 ./drivers/stm32f407xx_rcc_driver.o
 .debug_macro   0x00000000      0x34e ./drivers/stm32f407xx_rcc_driver.o
 .debug_macro   0x00000000      0x190 ./drivers/stm32f407xx_rcc_driver.o
 .debug_macro   0x00000000      0x662 ./drivers/stm32f407xx_rcc_driver.o
 .debug_line    0x00000000      0x1a0 ./drivers/stm32f407xx_rcc_driver.o
 .debug_str     0x00000000     0x59df ./drivers/stm32f407xx_rcc_driver.o
 .comment       0x00000000       0x27 ./drivers/stm32f407xx_rcc_driver.o
 .debug_frame   0x00000000       0x7c ./drivers/stm32f407xx_rcc_driver.o
 .ARM.attributes
                0x00000000       0x34 ./drivers/stm32f407xx_rcc_driver.o
 .group         0x00000000        0xc ./drivers/stm32f407xx_spi_driver.o
 .group         0x00000000        0xc ./drivers/stm32f407xx_spi_driver.o
 .group         0x00000000        0xc ./drivers/stm32f407xx_spi_driver.o
 .group         0x00000000        0xc ./drivers/stm32f407xx_spi_driver.o
 .group         0x00000000        0xc ./drivers/stm32f407xx_spi_driver.o
 .text          0x00000000        0x0 ./drivers/stm32f407xx_spi_driver.o
 .data          0x00000000        0x0 ./drivers/stm32f407xx_spi_driver.o
 .bss           0x00000000        0x0 ./drivers/stm32f407xx_spi_driver.o
 .text.SPI_DeInit
                0x00000000       0x88 ./drivers/stm32f407xx_spi_driver.o
 .text.SPI_ReceiveData
                0x00000000       0x6e ./drivers/stm32f407xx_spi_driver.o
 .text.SPI_IRQPriorityConfig
                0x00000000       0x80 ./drivers/stm32f407xx_spi_driver.o
 .text.SPI_IRQInterruptConfig
                0x00000000      0x110 ./drivers/stm32f407xx_spi_driver.o
 .text.SPI_IRQHandler
                0x00000000       0x9a ./drivers/stm32f407xx_spi_driver.o
 .text.SPI_SSIConfig
                0x00000000       0x3c ./drivers/stm32f407xx_spi_driver.o
 .text.SPI_SendDataIT
                0x00000000       0x48 ./drivers/stm32f407xx_spi_driver.o
 .text.SPI_ReceiveDataIT
                0x00000000       0x48 ./drivers/stm32f407xx_spi_driver.o
 .text.SPI_CloseTransmisson
                0x00000000       0x36 ./drivers/stm32f407xx_spi_driver.o
 .text.spi_ovr_interrupt_handler
                0x00000000       0x30 ./drivers/stm32f407xx_spi_driver.o
 .text.spi_txe_interrupt_handler
                0x00000000       0x80 ./drivers/stm32f407xx_spi_driver.o
 .text.spi_rxne_interrupt_handler
                0x00000000       0x84 ./drivers/stm32f407xx_spi_driver.o
 .text.SPI_ClearOVRFlag
                0x00000000       0x20 ./drivers/stm32f407xx_spi_driver.o
 .text.SPI_CloseReception
                0x00000000       0x36 ./drivers/stm32f407xx_spi_driver.o
 .text.SPI_ApplicationEventCallback
                0x00000000       0x18 ./drivers/stm32f407xx_spi_driver.o
 .debug_macro   0x00000000      0xae4 ./drivers/stm32f407xx_spi_driver.o
 .debug_macro   0x00000000      0x34e ./drivers/stm32f407xx_spi_driver.o
 .debug_macro   0x00000000      0x190 ./drivers/stm32f407xx_spi_driver.o
 .debug_macro   0x00000000      0x662 ./drivers/stm32f407xx_spi_driver.o
 .debug_macro   0x00000000       0xbe ./drivers/stm32f407xx_spi_driver.o
 .data          0x00000000        0x0 /usr/lib/gcc/arm-none-eabi/13.2.1/../../../arm-none-eabi/lib/thumb/v7e-m+fp/hard/libc_nano.a(libc_a-init.o)
 .bss           0x00000000        0x0 /usr/lib/gcc/arm-none-eabi/13.2.1/../../../arm-none-eabi/lib/thumb/v7e-m+fp/hard/libc_nano.a(libc_a-init.o)
 .data          0x00000000        0x0 /usr/lib/gcc/arm-none-eabi/13.2.1/../../../arm-none-eabi/lib/thumb/v7e-m+fp/hard/libc_nano.a(libc_a-strlen.o)
 .bss           0x00000000        0x0 /usr/lib/gcc/arm-none-eabi/13.2.1/../../../arm-none-eabi/lib/thumb/v7e-m+fp/hard/libc_nano.a(libc_a-strlen.o)
 .ARM.extab     0x00000000        0x0 /usr/lib/gcc/arm-none-eabi/13.2.1/../../../arm-none-eabi/lib/thumb/v7e-m+fp/hard/libc_nano.a(libc_a-strlen.o)
 .eh_frame      0x00000000       0x34 /usr/lib/gcc/arm-none-eabi/13.2.1/../../../arm-none-eabi/lib/thumb/v7e-m+fp/hard/libc_nano.a(libc_a-strlen.o)
 .text          0x00000000       0xa4 /usr/lib/gcc/arm-none-eabi/13.2.1/../../../arm-none-eabi/lib/thumb/v7e-m+fp/hard/libc_nano.a(libc_a-memset.o)
 .data          0x00000000        0x0 /usr/lib/gcc/arm-none-eabi/13.2.1/../../../arm-none-eabi/lib/thumb/v7e-m+fp/hard/libc_nano.a(libc_a-memset.o)
 .bss           0x00000000        0x0 /usr/lib/gcc/arm-none-eabi/13.2.1/../../../arm-none-eabi/lib/thumb/v7e-m+fp/hard/libc_nano.a(libc_a-memset.o)
 .debug_info    0x00000000      0x135 /usr/lib/gcc/arm-none-eabi/13.2.1/../../../arm-none-eabi/lib/thumb/v7e-m+fp/hard/libc_nano.a(libc_a-memset.o)
 .debug_abbrev  0x00000000       0xb7 /usr/lib/gcc/arm-none-eabi/13.2.1/../../../arm-none-eabi/lib/thumb/v7e-m+fp/hard/libc_nano.a(libc_a-memset.o)
 .debug_loclists
                0x00000000      0x1c2 /usr/lib/gcc/arm-none-eabi/13.2.1/../../../arm-none-eabi/lib/thumb/v7e-m+fp/hard/libc_nano.a(libc_a-memset.o)
 .debug_aranges
                0x00000000       0x20 /usr/lib/gcc/arm-none-eabi/13.2.1/../../../arm-none-eabi/lib/thumb/v7e-m+fp/hard/libc_nano.a(libc_a-memset.o)
 .debug_line    0x00000000      0x1b6 /usr/lib/gcc/arm-none-eabi/13.2.1/../../../arm-none-eabi/lib/thumb/v7e-m+fp/hard/libc_nano.a(libc_a-memset.o)
 .debug_str     0x00000000      0x1ad /usr/lib/gcc/arm-none-eabi/13.2.1/../../../arm-none-eabi/lib/thumb/v7e-m+fp/hard/libc_nano.a(libc_a-memset.o)
 .comment       0x00000000       0x27 /usr/lib/gcc/arm-none-eabi/13.2.1/../../../arm-none-eabi/lib/thumb/v7e-m+fp/hard/libc_nano.a(libc_a-memset.o)
 .debug_frame   0x00000000       0x2c /usr/lib/gcc/arm-none-eabi/13.2.1/../../../arm-none-eabi/lib/thumb/v7e-m+fp/hard/libc_nano.a(libc_a-memset.o)
 .ARM.attributes
                0x00000000       0x34 /usr/lib/gcc/arm-none-eabi/13.2.1/../../../arm-none-eabi/lib/thumb/v7e-m+fp/hard/libc_nano.a(libc_a-memset.o)
 .text          0x00000000        0xc /usr/lib/gcc/arm-none-eabi/13.2.1/../../../arm-none-eabi/lib/thumb/v7e-m+fp/hard/libc_nano.a(libc_a-errno.o)
 .data          0x00000000        0x0 /usr/lib/gcc/arm-none-eabi/13.2.1/../../../arm-none-eabi/lib/thumb/v7e-m+fp/hard/libc_nano.a(libc_a-errno.o)
 .bss           0x00000000        0x0 /usr/lib/gcc/arm-none-eabi/13.2.1/../../../arm-none-eabi/lib/thumb/v7e-m+fp/hard/libc_nano.a(libc_a-errno.o)
 .debug_info    0x00000000      0x6f1 /usr/lib/gcc/arm-none-eabi/13.2.1/../../../arm-none-eabi/lib/thumb/v7e-m+fp/hard/libc_nano.a(libc_a-errno.o)
 .debug_abbrev  0x00000000      0x15e /usr/lib/gcc/arm-none-eabi/13.2.1/../../../arm-none-eabi/lib/thumb/v7e-m+fp/hard/libc_nano.a(libc_a-errno.o)
 .debug_aranges
                0x00000000       0x20 /usr/lib/gcc/arm-none-eabi/13.2.1/../../../arm-none-eabi/lib/thumb/v7e-m+fp/hard/libc_nano.a(libc_a-errno.o)
 .debug_line    0x00000000      0x10c /usr/lib/gcc/arm-none-eabi/13.2.1/../../../arm-none-eabi/lib/thumb/v7e-m+fp/hard/libc_nano.a(libc_a-errno.o)
 .debug_str     0x00000000      0x4b6 /usr/lib/gcc/arm-none-eabi/13.2.1/../../../arm-none-eabi/lib/thumb/v7e-m+fp/hard/libc_nano.a(libc_a-errno.o)
 .comment       0x00000000       0x27 /usr/lib/gcc/arm-none-eabi/13.2.1/../../../arm-none-eabi/lib/thumb/v7e-m+fp/hard/libc_nano.a(libc_a-errno.o)
 .debug_frame   0x00000000       0x20 /usr/lib/gcc/arm-none-eabi/13.2.1/../../../arm-none-eabi/lib/thumb/v7e-m+fp/hard/libc_nano.a(libc_a-errno.o)
 .ARM.attributes
                0x00000000       0x34 /usr/lib/gcc/arm-none-eabi/13.2.1/../../../arm-none-eabi/lib/thumb/v7e-m+fp/hard/libc_nano.a(libc_a-errno.o)
 .data          0x00000000        0x0 /usr/lib/gcc/arm-none-eabi/13.2.1/../../../arm-none-eabi/lib/thumb/v7e-m+fp/hard/libc_nano.a(libc_a-memcpy.o)
 .bss           0x00000000        0x0 /usr/lib/gcc/arm-none-eabi/13.2.1/../../../arm-none-eabi/lib/thumb/v7e-m+fp/hard/libc_nano.a(libc_a-memcpy.o)
 .ARM.extab     0x00000000        0x0 /usr/lib/gcc/arm-none-eabi/13.2.1/../../../arm-none-eabi/lib/thumb/v7e-m+fp/hard/libc_nano.a(libc_a-memcpy.o)
 .eh_frame      0x00000000       0x2c /usr/lib/gcc/arm-none-eabi/13.2.1/../../../arm-none-eabi/lib/thumb/v7e-m+fp/hard/libc_nano.a(libc_a-memcpy.o)
 .text          0x00000000       0x24 /usr/lib/gcc/arm-none-eabi/13.2.1/../../../arm-none-eabi/lib/thumb/v7e-m+fp/hard/libc_nano.a(libc_a-exit.o)
 .data          0x00000000        0x0 /usr/lib/gcc/arm-none-eabi/13.2.1/../../../arm-none-eabi/lib/thumb/v7e-m+fp/hard/libc_nano.a(libc_a-exit.o)
 .bss           0x00000000        0x0 /usr/lib/gcc/arm-none-eabi/13.2.1/../../../arm-none-eabi/lib/thumb/v7e-m+fp/hard/libc_nano.a(libc_a-exit.o)
 .debug_info    0x00000000      0x11b /usr/lib/gcc/arm-none-eabi/13.2.1/../../../arm-none-eabi/lib/thumb/v7e-m+fp/hard/libc_nano.a(libc_a-exit.o)
 .debug_abbrev  0x00000000       0xd8 /usr/lib/gcc/arm-none-eabi/13.2.1/../../../arm-none-eabi/lib/thumb/v7e-m+fp/hard/libc_nano.a(libc_a-exit.o)
 .debug_loclists
                0x00000000       0x1b /usr/lib/gcc/arm-none-eabi/13.2.1/../../../arm-none-eabi/lib/thumb/v7e-m+fp/hard/libc_nano.a(libc_a-exit.o)
 .debug_aranges
                0x00000000       0x20 /usr/lib/gcc/arm-none-eabi/13.2.1/../../../arm-none-eabi/lib/thumb/v7e-m+fp/hard/libc_nano.a(libc_a-exit.o)
 .debug_line    0x00000000      0x12d /usr/lib/gcc/arm-none-eabi/13.2.1/../../../arm-none-eabi/lib/thumb/v7e-m+fp/hard/libc_nano.a(libc_a-exit.o)
 .debug_str     0x00000000      0x1bf /usr/lib/gcc/arm-none-eabi/13.2.1/../../../arm-none-eabi/lib/thumb/v7e-m+fp/hard/libc_nano.a(libc_a-exit.o)
 .comment       0x00000000       0x27 /usr/lib/gcc/arm-none-eabi/13.2.1/../../../arm-none-eabi/lib/thumb/v7e-m+fp/hard/libc_nano.a(libc_a-exit.o)
 .debug_frame   0x00000000       0x28 /usr/lib/gcc/arm-none-eabi/13.2.1/../../../arm-none-eabi/lib/thumb/v7e-m+fp/hard/libc_nano.a(libc_a-exit.o)
 .ARM.attributes
                0x00000000       0x34 /usr/lib/gcc/arm-none-eabi/13.2.1/../../../arm-none-eabi/lib/thumb/v7e-m+fp/hard/libc_nano.a(libc_a-exit.o)
 .text          0x00000000        0xc /usr/lib/gcc/arm-none-eabi/13.2.1/../../../arm-none-eabi/lib/thumb/v7e-m+fp/hard/libc_nano.a(libc_a-atexit.o)
 .data          0x00000000        0x0 /usr/lib/gcc/arm-none-eabi/13.2.1/../../../arm-none-eabi/lib/thumb/v7e-m+fp/hard/libc_nano.a(libc_a-atexit.o)
 .bss           0x00000000        0x0 /usr/lib/gcc/arm-none-eabi/13.2.1/../../../arm-none-eabi/lib/thumb/v7e-m+fp/hard/libc_nano.a(libc_a-atexit.o)
 .debug_info    0x00000000      0x11e /usr/lib/gcc/arm-none-eabi/13.2.1/../../../arm-none-eabi/lib/thumb/v7e-m+fp/hard/libc_nano.a(libc_a-atexit.o)
 .debug_abbrev  0x00000000       0xc1 /usr/lib/gcc/arm-none-eabi/13.2.1/../../../arm-none-eabi/lib/thumb/v7e-m+fp/hard/libc_nano.a(libc_a-atexit.o)
 .debug_loclists
                0x00000000       0x2b /usr/lib/gcc/arm-none-eabi/13.2.1/../../../arm-none-eabi/lib/thumb/v7e-m+fp/hard/libc_nano.a(libc_a-atexit.o)
 .debug_aranges
                0x00000000       0x20 /usr/lib/gcc/arm-none-eabi/13.2.1/../../../arm-none-eabi/lib/thumb/v7e-m+fp/hard/libc_nano.a(libc_a-atexit.o)
 .debug_line    0x00000000       0xc3 /usr/lib/gcc/arm-none-eabi/13.2.1/../../../arm-none-eabi/lib/thumb/v7e-m+fp/hard/libc_nano.a(libc_a-atexit.o)
 .debug_str     0x00000000      0x1d6 /usr/lib/gcc/arm-none-eabi/13.2.1/../../../arm-none-eabi/lib/thumb/v7e-m+fp/hard/libc_nano.a(libc_a-atexit.o)
 .comment       0x00000000       0x27 /usr/lib/gcc/arm-none-eabi/13.2.1/../../../arm-none-eabi/lib/thumb/v7e-m+fp/hard/libc_nano.a(libc_a-atexit.o)
 .debug_frame   0x00000000       0x20 /usr/lib/gcc/arm-none-eabi/13.2.1/../../../arm-none-eabi/lib/thumb/v7e-m+fp/hard/libc_nano.a(libc_a-atexit.o)
 .ARM.attributes
                0x00000000       0x34 /usr/lib/gcc/arm-none-eabi/13.2.1/../../../arm-none-eabi/lib/thumb/v7e-m+fp/hard/libc_nano.a(libc_a-atexit.o)
 .text          0x00000000       0x28 /usr/lib/gcc/arm-none-eabi/13.2.1/../../../arm-none-eabi/lib/thumb/v7e-m+fp/hard/libc_nano.a(libc_a-fini.o)
 .data          0x00000000        0x0 /usr/lib/gcc/arm-none-eabi/13.2.1/../../../arm-none-eabi/lib/thumb/v7e-m+fp/hard/libc_nano.a(libc_a-fini.o)
 .bss           0x00000000        0x0 /usr/lib/gcc/arm-none-eabi/13.2.1/../../../arm-none-eabi/lib/thumb/v7e-m+fp/hard/libc_nano.a(libc_a-fini.o)
 .debug_info    0x00000000       0xf7 /usr/lib/gcc/arm-none-eabi/13.2.1/../../../arm-none-eabi/lib/thumb/v7e-m+fp/hard/libc_nano.a(libc_a-fini.o)
 .debug_abbrev  0x00000000       0xcc /usr/lib/gcc/arm-none-eabi/13.2.1/../../../arm-none-eabi/lib/thumb/v7e-m+fp/hard/libc_nano.a(libc_a-fini.o)
 .debug_loclists
                0x00000000       0x42 /usr/lib/gcc/arm-none-eabi/13.2.1/../../../arm-none-eabi/lib/thumb/v7e-m+fp/hard/libc_nano.a(libc_a-fini.o)
 .debug_aranges
                0x00000000       0x20 /usr/lib/gcc/arm-none-eabi/13.2.1/../../../arm-none-eabi/lib/thumb/v7e-m+fp/hard/libc_nano.a(libc_a-fini.o)
 .debug_line    0x00000000       0xd2 /usr/lib/gcc/arm-none-eabi/13.2.1/../../../arm-none-eabi/lib/thumb/v7e-m+fp/hard/libc_nano.a(libc_a-fini.o)
 .debug_str     0x00000000      0x1d0 /usr/lib/gcc/arm-none-eabi/13.2.1/../../../arm-none-eabi/lib/thumb/v7e-m+fp/hard/libc_nano.a(libc_a-fini.o)
 .comment       0x00000000       0x27 /usr/lib/gcc/arm-none-eabi/13.2.1/../../../arm-none-eabi/lib/thumb/v7e-m+fp/hard/libc_nano.a(libc_a-fini.o)
 .debug_frame   0x00000000       0x34 /usr/lib/gcc/arm-none-eabi/13.2.1/../../../arm-none-eabi/lib/thumb/v7e-m+fp/hard/libc_nano.a(libc_a-fini.o)
 .ARM.attributes
                0x00000000       0x34 /usr/lib/gcc/arm-none-eabi/13.2.1/../../../arm-none-eabi/lib/thumb/v7e-m+fp/hard/libc_nano.a(libc_a-fini.o)
 .text          0x00000000        0x0 /usr/lib/gcc/arm-none-eabi/13.2.1/../../../arm-none-eabi/lib/thumb/v7e-m+fp/hard/libc_nano.a(libc_a-impure.o)
 .data          0x00000000       0x50 /usr/lib/gcc/arm-none-eabi/13.2.1/../../../arm-none-eabi/lib/thumb/v7e-m+fp/hard/libc_nano.a(libc_a-impure.o)
 .bss           0x00000000        0x0 /usr/lib/gcc/arm-none-eabi/13.2.1/../../../arm-none-eabi/lib/thumb/v7e-m+fp/hard/libc_nano.a(libc_a-impure.o)
 .debug_info    0x00000000      0x70b /usr/lib/gcc/arm-none-eabi/13.2.1/../../../arm-none-eabi/lib/thumb/v7e-m+fp/hard/libc_nano.a(libc_a-impure.o)
 .debug_abbrev  0x00000000      0x149 /usr/lib/gcc/arm-none-eabi/13.2.1/../../../arm-none-eabi/lib/thumb/v7e-m+fp/hard/libc_nano.a(libc_a-impure.o)
 .debug_aranges
                0x00000000       0x18 /usr/lib/gcc/arm-none-eabi/13.2.1/../../../arm-none-eabi/lib/thumb/v7e-m+fp/hard/libc_nano.a(libc_a-impure.o)
 .debug_line    0x00000000       0xe7 /usr/lib/gcc/arm-none-eabi/13.2.1/../../../arm-none-eabi/lib/thumb/v7e-m+fp/hard/libc_nano.a(libc_a-impure.o)
 .debug_str     0x00000000      0x4bc /usr/lib/gcc/arm-none-eabi/13.2.1/../../../arm-none-eabi/lib/thumb/v7e-m+fp/hard/libc_nano.a(libc_a-impure.o)
 .comment       0x00000000       0x27 /usr/lib/gcc/arm-none-eabi/13.2.1/../../../arm-none-eabi/lib/thumb/v7e-m+fp/hard/libc_nano.a(libc_a-impure.o)
 .ARM.attributes
                0x00000000       0x34 /usr/lib/gcc/arm-none-eabi/13.2.1/../../../arm-none-eabi/lib/thumb/v7e-m+fp/hard/libc_nano.a(libc_a-impure.o)
 .text          0x00000000      0x224 /usr/lib/gcc/arm-none-eabi/13.2.1/../../../arm-none-eabi/lib/thumb/v7e-m+fp/hard/libc_nano.a(libc_a-findfp.o)
 .data          0x00000000        0xc /usr/lib/gcc/arm-none-eabi/13.2.1/../../../arm-none-eabi/lib/thumb/v7e-m+fp/hard/libc_nano.a(libc_a-findfp.o)
 .bss           0x00000000      0x13c /usr/lib/gcc/arm-none-eabi/13.2.1/../../../arm-none-eabi/lib/thumb/v7e-m+fp/hard/libc_nano.a(libc_a-findfp.o)
 .debug_info    0x00000000      0xe8c /usr/lib/gcc/arm-none-eabi/13.2.1/../../../arm-none-eabi/lib/thumb/v7e-m+fp/hard/libc_nano.a(libc_a-findfp.o)
 .debug_abbrev  0x00000000      0x408 /usr/lib/gcc/arm-none-eabi/13.2.1/../../../arm-none-eabi/lib/thumb/v7e-m+fp/hard/libc_nano.a(libc_a-findfp.o)
 .debug_loclists
                0x00000000      0x1d0 /usr/lib/gcc/arm-none-eabi/13.2.1/../../../arm-none-eabi/lib/thumb/v7e-m+fp/hard/libc_nano.a(libc_a-findfp.o)
 .debug_aranges
                0x00000000       0x20 /usr/lib/gcc/arm-none-eabi/13.2.1/../../../arm-none-eabi/lib/thumb/v7e-m+fp/hard/libc_nano.a(libc_a-findfp.o)
 .debug_rnglists
                0x00000000       0x77 /usr/lib/gcc/arm-none-eabi/13.2.1/../../../arm-none-eabi/lib/thumb/v7e-m+fp/hard/libc_nano.a(libc_a-findfp.o)
 .debug_line    0x00000000      0x4fc /usr/lib/gcc/arm-none-eabi/13.2.1/../../../arm-none-eabi/lib/thumb/v7e-m+fp/hard/libc_nano.a(libc_a-findfp.o)
 .debug_str     0x00000000      0x6bf /usr/lib/gcc/arm-none-eabi/13.2.1/../../../arm-none-eabi/lib/thumb/v7e-m+fp/hard/libc_nano.a(libc_a-findfp.o)
 .comment       0x00000000       0x27 /usr/lib/gcc/arm-none-eabi/13.2.1/../../../arm-none-eabi/lib/thumb/v7e-m+fp/hard/libc_nano.a(libc_a-findfp.o)
 .debug_frame   0x00000000       0xf4 /usr/lib/gcc/arm-none-eabi/13.2.1/../../../arm-none-eabi/lib/thumb/v7e-m+fp/hard/libc_nano.a(libc_a-findfp.o)
 .ARM.attributes
                0x00000000       0x34 /usr/lib/gcc/arm-none-eabi/13.2.1/../../../arm-none-eabi/lib/thumb/v7e-m+fp/hard/libc_nano.a(libc_a-findfp.o)
 .text          0x00000000      0x1a8 /usr/lib/gcc/arm-none-eabi/13.2.1/../../../arm-none-eabi/lib/thumb/v7e-m+fp/hard/libc_nano.a(libc_a-fflush.o)
 .data          0x00000000        0x0 /usr/lib/gcc/arm-none-eabi/13.2.1/../../../arm-none-eabi/lib/thumb/v7e-m+fp/hard/libc_nano.a(libc_a-fflush.o)
 .bss           0x00000000        0x0 /usr/lib/gcc/arm-none-eabi/13.2.1/../../../arm-none-eabi/lib/thumb/v7e-m+fp/hard/libc_nano.a(libc_a-fflush.o)
 .debug_info    0x00000000      0xa33 /usr/lib/gcc/arm-none-eabi/13.2.1/../../../arm-none-eabi/lib/thumb/v7e-m+fp/hard/libc_nano.a(libc_a-fflush.o)
 .debug_abbrev  0x00000000      0x2e4 /usr/lib/gcc/arm-none-eabi/13.2.1/../../../arm-none-eabi/lib/thumb/v7e-m+fp/hard/libc_nano.a(libc_a-fflush.o)
 .debug_loclists
                0x00000000      0x2f3 /usr/lib/gcc/arm-none-eabi/13.2.1/../../../arm-none-eabi/lib/thumb/v7e-m+fp/hard/libc_nano.a(libc_a-fflush.o)
 .debug_aranges
                0x00000000       0x20 /usr/lib/gcc/arm-none-eabi/13.2.1/../../../arm-none-eabi/lib/thumb/v7e-m+fp/hard/libc_nano.a(libc_a-fflush.o)
 .debug_rnglists
                0x00000000       0x59 /usr/lib/gcc/arm-none-eabi/13.2.1/../../../arm-none-eabi/lib/thumb/v7e-m+fp/hard/libc_nano.a(libc_a-fflush.o)
 .debug_line    0x00000000      0x446 /usr/lib/gcc/arm-none-eabi/13.2.1/../../../arm-none-eabi/lib/thumb/v7e-m+fp/hard/libc_nano.a(libc_a-fflush.o)
 .debug_str     0x00000000      0x543 /usr/lib/gcc/arm-none-eabi/13.2.1/../../../arm-none-eabi/lib/thumb/v7e-m+fp/hard/libc_nano.a(libc_a-fflush.o)
 .comment       0x00000000       0x27 /usr/lib/gcc/arm-none-eabi/13.2.1/../../../arm-none-eabi/lib/thumb/v7e-m+fp/hard/libc_nano.a(libc_a-fflush.o)
 .debug_frame   0x00000000       0x8c /usr/lib/gcc/arm-none-eabi/13.2.1/../../../arm-none-eabi/lib/thumb/v7e-m+fp/hard/libc_nano.a(libc_a-fflush.o)
 .ARM.attributes
                0x00000000       0x34 /usr/lib/gcc/arm-none-eabi/13.2.1/../../../arm-none-eabi/lib/thumb/v7e-m+fp/hard/libc_nano.a(libc_a-fflush.o)
 .text          0x00000000      0x148 /usr/lib/gcc/arm-none-eabi/13.2.1/../../../arm-none-eabi/lib/thumb/v7e-m+fp/hard/libc_nano.a(libc_a-mallocr.o)
 .data          0x00000000        0x0 /usr/lib/gcc/arm-none-eabi/13.2.1/../../../arm-none-eabi/lib/thumb/v7e-m+fp/hard/libc_nano.a(libc_a-mallocr.o)
 .bss           0x00000000        0x8 /usr/lib/gcc/arm-none-eabi/13.2.1/../../../arm-none-eabi/lib/thumb/v7e-m+fp/hard/libc_nano.a(libc_a-mallocr.o)
 .debug_info    0x00000000      0x9b6 /usr/lib/gcc/arm-none-eabi/13.2.1/../../../arm-none-eabi/lib/thumb/v7e-m+fp/hard/libc_nano.a(libc_a-mallocr.o)
 .debug_abbrev  0x00000000      0x24a /usr/lib/gcc/arm-none-eabi/13.2.1/../../../arm-none-eabi/lib/thumb/v7e-m+fp/hard/libc_nano.a(libc_a-mallocr.o)
 .debug_loclists
                0x00000000      0x263 /usr/lib/gcc/arm-none-eabi/13.2.1/../../../arm-none-eabi/lib/thumb/v7e-m+fp/hard/libc_nano.a(libc_a-mallocr.o)
 .debug_aranges
                0x00000000       0x20 /usr/lib/gcc/arm-none-eabi/13.2.1/../../../arm-none-eabi/lib/thumb/v7e-m+fp/hard/libc_nano.a(libc_a-mallocr.o)
 .debug_rnglists
                0x00000000       0x1e /usr/lib/gcc/arm-none-eabi/13.2.1/../../../arm-none-eabi/lib/thumb/v7e-m+fp/hard/libc_nano.a(libc_a-mallocr.o)
 .debug_line    0x00000000      0x446 /usr/lib/gcc/arm-none-eabi/13.2.1/../../../arm-none-eabi/lib/thumb/v7e-m+fp/hard/libc_nano.a(libc_a-mallocr.o)
 .debug_str     0x00000000      0x59d /usr/lib/gcc/arm-none-eabi/13.2.1/../../../arm-none-eabi/lib/thumb/v7e-m+fp/hard/libc_nano.a(libc_a-mallocr.o)
 .comment       0x00000000       0x27 /usr/lib/gcc/arm-none-eabi/13.2.1/../../../arm-none-eabi/lib/thumb/v7e-m+fp/hard/libc_nano.a(libc_a-mallocr.o)
 .debug_frame   0x00000000       0x50 /usr/lib/gcc/arm-none-eabi/13.2.1/../../../arm-none-eabi/lib/thumb/v7e-m+fp/hard/libc_nano.a(libc_a-mallocr.o)
 .ARM.attributes
                0x00000000       0x34 /usr/lib/gcc/arm-none-eabi/13.2.1/../../../arm-none-eabi/lib/thumb/v7e-m+fp/hard/libc_nano.a(libc_a-mallocr.o)
 .text          0x00000000       0xbc /usr/lib/gcc/arm-none-eabi/13.2.1/../../../arm-none-eabi/lib/thumb/v7e-m+fp/hard/libc_nano.a(libc_a-freer.o)
 .data          0x00000000        0x0 /usr/lib/gcc/arm-none-eabi/13.2.1/../../../arm-none-eabi/lib/thumb/v7e-m+fp/hard/libc_nano.a(libc_a-freer.o)
 .bss           0x00000000        0x0 /usr/lib/gcc/arm-none-eabi/13.2.1/../../../arm-none-eabi/lib/thumb/v7e-m+fp/hard/libc_nano.a(libc_a-freer.o)
 .debug_info    0x00000000      0x87f /usr/lib/gcc/arm-none-eabi/13.2.1/../../../arm-none-eabi/lib/thumb/v7e-m+fp/hard/libc_nano.a(libc_a-freer.o)
 .debug_abbrev  0x00000000      0x249 /usr/lib/gcc/arm-none-eabi/13.2.1/../../../arm-none-eabi/lib/thumb/v7e-m+fp/hard/libc_nano.a(libc_a-freer.o)
 .debug_loclists
                0x00000000      0x164 /usr/lib/gcc/arm-none-eabi/13.2.1/../../../arm-none-eabi/lib/thumb/v7e-m+fp/hard/libc_nano.a(libc_a-freer.o)
 .debug_aranges
                0x00000000       0x20 /usr/lib/gcc/arm-none-eabi/13.2.1/../../../arm-none-eabi/lib/thumb/v7e-m+fp/hard/libc_nano.a(libc_a-freer.o)
 .debug_rnglists
                0x00000000       0x13 /usr/lib/gcc/arm-none-eabi/13.2.1/../../../arm-none-eabi/lib/thumb/v7e-m+fp/hard/libc_nano.a(libc_a-freer.o)
 .debug_line    0x00000000      0x2c3 /usr/lib/gcc/arm-none-eabi/13.2.1/../../../arm-none-eabi/lib/thumb/v7e-m+fp/hard/libc_nano.a(libc_a-freer.o)
 .debug_str     0x00000000      0x53c /usr/lib/gcc/arm-none-eabi/13.2.1/../../../arm-none-eabi/lib/thumb/v7e-m+fp/hard/libc_nano.a(libc_a-freer.o)
 .comment       0x00000000       0x27 /usr/lib/gcc/arm-none-eabi/13.2.1/../../../arm-none-eabi/lib/thumb/v7e-m+fp/hard/libc_nano.a(libc_a-freer.o)
 .debug_frame   0x00000000       0x58 /usr/lib/gcc/arm-none-eabi/13.2.1/../../../arm-none-eabi/lib/thumb/v7e-m+fp/hard/libc_nano.a(libc_a-freer.o)
 .ARM.attributes
                0x00000000       0x34 /usr/lib/gcc/arm-none-eabi/13.2.1/../../../arm-none-eabi/lib/thumb/v7e-m+fp/hard/libc_nano.a(libc_a-freer.o)
 .text          0x00000000       0x44 /usr/lib/gcc/arm-none-eabi/13.2.1/../../../arm-none-eabi/lib/thumb/v7e-m+fp/hard/libc_nano.a(libc_a-fwalk.o)
 .data          0x00000000        0x0 /usr/lib/gcc/arm-none-eabi/13.2.1/../../../arm-none-eabi/lib/thumb/v7e-m+fp/hard/libc_nano.a(libc_a-fwalk.o)
 .bss           0x00000000        0x0 /usr/lib/gcc/arm-none-eabi/13.2.1/../../../arm-none-eabi/lib/thumb/v7e-m+fp/hard/libc_nano.a(libc_a-fwalk.o)
 .debug_info    0x00000000      0x7c8 /usr/lib/gcc/arm-none-eabi/13.2.1/../../../arm-none-eabi/lib/thumb/v7e-m+fp/hard/libc_nano.a(libc_a-fwalk.o)
 .debug_abbrev  0x00000000      0x19b /usr/lib/gcc/arm-none-eabi/13.2.1/../../../arm-none-eabi/lib/thumb/v7e-m+fp/hard/libc_nano.a(libc_a-fwalk.o)
 .debug_loclists
                0x00000000       0x87 /usr/lib/gcc/arm-none-eabi/13.2.1/../../../arm-none-eabi/lib/thumb/v7e-m+fp/hard/libc_nano.a(libc_a-fwalk.o)
 .debug_aranges
                0x00000000       0x20 /usr/lib/gcc/arm-none-eabi/13.2.1/../../../arm-none-eabi/lib/thumb/v7e-m+fp/hard/libc_nano.a(libc_a-fwalk.o)
 .debug_line    0x00000000      0x1d1 /usr/lib/gcc/arm-none-eabi/13.2.1/../../../arm-none-eabi/lib/thumb/v7e-m+fp/hard/libc_nano.a(libc_a-fwalk.o)
 .debug_str     0x00000000      0x4cc /usr/lib/gcc/arm-none-eabi/13.2.1/../../../arm-none-eabi/lib/thumb/v7e-m+fp/hard/libc_nano.a(libc_a-fwalk.o)
 .comment       0x00000000       0x27 /usr/lib/gcc/arm-none-eabi/13.2.1/../../../arm-none-eabi/lib/thumb/v7e-m+fp/hard/libc_nano.a(libc_a-fwalk.o)
 .debug_frame   0x00000000       0x34 /usr/lib/gcc/arm-none-eabi/13.2.1/../../../arm-none-eabi/lib/thumb/v7e-m+fp/hard/libc_nano.a(libc_a-fwalk.o)
 .ARM.attributes
                0x00000000       0x34 /usr/lib/gcc/arm-none-eabi/13.2.1/../../../arm-none-eabi/lib/thumb/v7e-m+fp/hard/libc_nano.a(libc_a-fwalk.o)
 .text          0x00000000       0xac /usr/lib/gcc/arm-none-eabi/13.2.1/../../../arm-none-eabi/lib/thumb/v7e-m+fp/hard/libc_nano.a(libc_a-__atexit.o)
 .data          0x00000000        0x4 /usr/lib/gcc/arm-none-eabi/13.2.1/../../../arm-none-eabi/lib/thumb/v7e-m+fp/hard/libc_nano.a(libc_a-__atexit.o)
 .bss           0x00000000       0x8c /usr/lib/gcc/arm-none-eabi/13.2.1/../../../arm-none-eabi/lib/thumb/v7e-m+fp/hard/libc_nano.a(libc_a-__atexit.o)
 .debug_info    0x00000000      0x284 /usr/lib/gcc/arm-none-eabi/13.2.1/../../../arm-none-eabi/lib/thumb/v7e-m+fp/hard/libc_nano.a(libc_a-__atexit.o)
 .debug_abbrev  0x00000000      0x1d4 /usr/lib/gcc/arm-none-eabi/13.2.1/../../../arm-none-eabi/lib/thumb/v7e-m+fp/hard/libc_nano.a(libc_a-__atexit.o)
 .debug_loclists
                0x00000000      0x127 /usr/lib/gcc/arm-none-eabi/13.2.1/../../../arm-none-eabi/lib/thumb/v7e-m+fp/hard/libc_nano.a(libc_a-__atexit.o)
 .debug_aranges
                0x00000000       0x20 /usr/lib/gcc/arm-none-eabi/13.2.1/../../../arm-none-eabi/lib/thumb/v7e-m+fp/hard/libc_nano.a(libc_a-__atexit.o)
 .debug_line    0x00000000      0x230 /usr/lib/gcc/arm-none-eabi/13.2.1/../../../arm-none-eabi/lib/thumb/v7e-m+fp/hard/libc_nano.a(libc_a-__atexit.o)
 .debug_str     0x00000000      0x290 /usr/lib/gcc/arm-none-eabi/13.2.1/../../../arm-none-eabi/lib/thumb/v7e-m+fp/hard/libc_nano.a(libc_a-__atexit.o)
 .comment       0x00000000       0x27 /usr/lib/gcc/arm-none-eabi/13.2.1/../../../arm-none-eabi/lib/thumb/v7e-m+fp/hard/libc_nano.a(libc_a-__atexit.o)
 .debug_frame   0x00000000       0x38 /usr/lib/gcc/arm-none-eabi/13.2.1/../../../arm-none-eabi/lib/thumb/v7e-m+fp/hard/libc_nano.a(libc_a-__atexit.o)
 .ARM.attributes
                0x00000000       0x34 /usr/lib/gcc/arm-none-eabi/13.2.1/../../../arm-none-eabi/lib/thumb/v7e-m+fp/hard/libc_nano.a(libc_a-__atexit.o)
 .text          0x00000000        0x8 /usr/lib/gcc/arm-none-eabi/13.2.1/../../../arm-none-eabi/lib/thumb/v7e-m+fp/hard/libc_nano.a(libc_a-mlock.o)
 .data          0x00000000        0x0 /usr/lib/gcc/arm-none-eabi/13.2.1/../../../arm-none-eabi/lib/thumb/v7e-m+fp/hard/libc_nano.a(libc_a-mlock.o)
 .bss           0x00000000        0x0 /usr/lib/gcc/arm-none-eabi/13.2.1/../../../arm-none-eabi/lib/thumb/v7e-m+fp/hard/libc_nano.a(libc_a-mlock.o)
 .debug_info    0x00000000      0x71c /usr/lib/gcc/arm-none-eabi/13.2.1/../../../arm-none-eabi/lib/thumb/v7e-m+fp/hard/libc_nano.a(libc_a-mlock.o)
 .debug_abbrev  0x00000000      0x192 /usr/lib/gcc/arm-none-eabi/13.2.1/../../../arm-none-eabi/lib/thumb/v7e-m+fp/hard/libc_nano.a(libc_a-mlock.o)
 .debug_aranges
                0x00000000       0x20 /usr/lib/gcc/arm-none-eabi/13.2.1/../../../arm-none-eabi/lib/thumb/v7e-m+fp/hard/libc_nano.a(libc_a-mlock.o)
 .debug_line    0x00000000      0x153 /usr/lib/gcc/arm-none-eabi/13.2.1/../../../arm-none-eabi/lib/thumb/v7e-m+fp/hard/libc_nano.a(libc_a-mlock.o)
 .debug_str     0x00000000      0x4da /usr/lib/gcc/arm-none-eabi/13.2.1/../../../arm-none-eabi/lib/thumb/v7e-m+fp/hard/libc_nano.a(libc_a-mlock.o)
 .comment       0x00000000       0x27 /usr/lib/gcc/arm-none-eabi/13.2.1/../../../arm-none-eabi/lib/thumb/v7e-m+fp/hard/libc_nano.a(libc_a-mlock.o)
 .debug_frame   0x00000000       0x30 /usr/lib/gcc/arm-none-eabi/13.2.1/../../../arm-none-eabi/lib/thumb/v7e-m+fp/hard/libc_nano.a(libc_a-mlock.o)
 .ARM.attributes
                0x00000000       0x34 /usr/lib/gcc/arm-none-eabi/13.2.1/../../../arm-none-eabi/lib/thumb/v7e-m+fp/hard/libc_nano.a(libc_a-mlock.o)
 .text          0x00000000       0x24 /usr/lib/gcc/arm-none-eabi/13.2.1/../../../arm-none-eabi/lib/thumb/v7e-m+fp/hard/libc_nano.a(libc_a-sbrkr.o)
 .data          0x00000000        0x0 /usr/lib/gcc/arm-none-eabi/13.2.1/../../../arm-none-eabi/lib/thumb/v7e-m+fp/hard/libc_nano.a(libc_a-sbrkr.o)
 .bss           0x00000000        0x0 /usr/lib/gcc/arm-none-eabi/13.2.1/../../../arm-none-eabi/lib/thumb/v7e-m+fp/hard/libc_nano.a(libc_a-sbrkr.o)
 .debug_info    0x00000000      0x778 /usr/lib/gcc/arm-none-eabi/13.2.1/../../../arm-none-eabi/lib/thumb/v7e-m+fp/hard/libc_nano.a(libc_a-sbrkr.o)
 .debug_abbrev  0x00000000      0x1da /usr/lib/gcc/arm-none-eabi/13.2.1/../../../arm-none-eabi/lib/thumb/v7e-m+fp/hard/libc_nano.a(libc_a-sbrkr.o)
 .debug_loclists
                0x00000000       0x4b /usr/lib/gcc/arm-none-eabi/13.2.1/../../../arm-none-eabi/lib/thumb/v7e-m+fp/hard/libc_nano.a(libc_a-sbrkr.o)
 .debug_aranges
                0x00000000       0x20 /usr/lib/gcc/arm-none-eabi/13.2.1/../../../arm-none-eabi/lib/thumb/v7e-m+fp/hard/libc_nano.a(libc_a-sbrkr.o)
 .debug_line    0x00000000      0x193 /usr/lib/gcc/arm-none-eabi/13.2.1/../../../arm-none-eabi/lib/thumb/v7e-m+fp/hard/libc_nano.a(libc_a-sbrkr.o)
 .debug_str     0x00000000      0x4c5 /usr/lib/gcc/arm-none-eabi/13.2.1/../../../arm-none-eabi/lib/thumb/v7e-m+fp/hard/libc_nano.a(libc_a-sbrkr.o)
 .comment       0x00000000       0x27 /usr/lib/gcc/arm-none-eabi/13.2.1/../../../arm-none-eabi/lib/thumb/v7e-m+fp/hard/libc_nano.a(libc_a-sbrkr.o)
 .debug_frame   0x00000000       0x2c /usr/lib/gcc/arm-none-eabi/13.2.1/../../../arm-none-eabi/lib/thumb/v7e-m+fp/hard/libc_nano.a(libc_a-sbrkr.o)
 .ARM.attributes
                0x00000000       0x34 /usr/lib/gcc/arm-none-eabi/13.2.1/../../../arm-none-eabi/lib/thumb/v7e-m+fp/hard/libc_nano.a(libc_a-sbrkr.o)
 .text          0x00000000       0x94 /usr/lib/gcc/arm-none-eabi/13.2.1/../../../arm-none-eabi/lib/thumb/v7e-m+fp/hard/libc_nano.a(libc_a-stdio.o)
 .data          0x00000000        0x0 /usr/lib/gcc/arm-none-eabi/13.2.1/../../../arm-none-eabi/lib/thumb/v7e-m+fp/hard/libc_nano.a(libc_a-stdio.o)
 .bss           0x00000000        0x0 /usr/lib/gcc/arm-none-eabi/13.2.1/../../../arm-none-eabi/lib/thumb/v7e-m+fp/hard/libc_nano.a(libc_a-stdio.o)
 .debug_info    0x00000000      0xa80 /usr/lib/gcc/arm-none-eabi/13.2.1/../../../arm-none-eabi/lib/thumb/v7e-m+fp/hard/libc_nano.a(libc_a-stdio.o)
 .debug_abbrev  0x00000000      0x224 /usr/lib/gcc/arm-none-eabi/13.2.1/../../../arm-none-eabi/lib/thumb/v7e-m+fp/hard/libc_nano.a(libc_a-stdio.o)
 .debug_loclists
                0x00000000      0x23b /usr/lib/gcc/arm-none-eabi/13.2.1/../../../arm-none-eabi/lib/thumb/v7e-m+fp/hard/libc_nano.a(libc_a-stdio.o)
 .debug_aranges
                0x00000000       0x20 /usr/lib/gcc/arm-none-eabi/13.2.1/../../../arm-none-eabi/lib/thumb/v7e-m+fp/hard/libc_nano.a(libc_a-stdio.o)
 .debug_line    0x00000000      0x22b /usr/lib/gcc/arm-none-eabi/13.2.1/../../../arm-none-eabi/lib/thumb/v7e-m+fp/hard/libc_nano.a(libc_a-stdio.o)
 .debug_str     0x00000000      0x529 /usr/lib/gcc/arm-none-eabi/13.2.1/../../../arm-none-eabi/lib/thumb/v7e-m+fp/hard/libc_nano.a(libc_a-stdio.o)
 .comment       0x00000000       0x27 /usr/lib/gcc/arm-none-eabi/13.2.1/../../../arm-none-eabi/lib/thumb/v7e-m+fp/hard/libc_nano.a(libc_a-stdio.o)
 .debug_frame   0x00000000       0x8c /usr/lib/gcc/arm-none-eabi/13.2.1/../../../arm-none-eabi/lib/thumb/v7e-m+fp/hard/libc_nano.a(libc_a-stdio.o)
 .ARM.attributes
                0x00000000       0x34 /usr/lib/gcc/arm-none-eabi/13.2.1/../../../arm-none-eabi/lib/thumb/v7e-m+fp/hard/libc_nano.a(libc_a-stdio.o)
 .text          0x00000000       0x24 /usr/lib/gcc/arm-none-eabi/13.2.1/../../../arm-none-eabi/lib/thumb/v7e-m+fp/hard/libc_nano.a(libc_a-closer.o)
 .data          0x00000000        0x0 /usr/lib/gcc/arm-none-eabi/13.2.1/../../../arm-none-eabi/lib/thumb/v7e-m+fp/hard/libc_nano.a(libc_a-closer.o)
 .bss           0x00000000        0x0 /usr/lib/gcc/arm-none-eabi/13.2.1/../../../arm-none-eabi/lib/thumb/v7e-m+fp/hard/libc_nano.a(libc_a-closer.o)
 .debug_info    0x00000000      0x752 /usr/lib/gcc/arm-none-eabi/13.2.1/../../../arm-none-eabi/lib/thumb/v7e-m+fp/hard/libc_nano.a(libc_a-closer.o)
 .debug_abbrev  0x00000000      0x1b0 /usr/lib/gcc/arm-none-eabi/13.2.1/../../../arm-none-eabi/lib/thumb/v7e-m+fp/hard/libc_nano.a(libc_a-closer.o)
 .debug_loclists
                0x00000000       0x4b /usr/lib/gcc/arm-none-eabi/13.2.1/../../../arm-none-eabi/lib/thumb/v7e-m+fp/hard/libc_nano.a(libc_a-closer.o)
 .debug_aranges
                0x00000000       0x20 /usr/lib/gcc/arm-none-eabi/13.2.1/../../../arm-none-eabi/lib/thumb/v7e-m+fp/hard/libc_nano.a(libc_a-closer.o)
 .debug_line    0x00000000      0x193 /usr/lib/gcc/arm-none-eabi/13.2.1/../../../arm-none-eabi/lib/thumb/v7e-m+fp/hard/libc_nano.a(libc_a-closer.o)
 .debug_str     0x00000000      0x4b2 /usr/lib/gcc/arm-none-eabi/13.2.1/../../../arm-none-eabi/lib/thumb/v7e-m+fp/hard/libc_nano.a(libc_a-closer.o)
 .comment       0x00000000       0x27 /usr/lib/gcc/arm-none-eabi/13.2.1/../../../arm-none-eabi/lib/thumb/v7e-m+fp/hard/libc_nano.a(libc_a-closer.o)
 .debug_frame   0x00000000       0x2c /usr/lib/gcc/arm-none-eabi/13.2.1/../../../arm-none-eabi/lib/thumb/v7e-m+fp/hard/libc_nano.a(libc_a-closer.o)
 .ARM.attributes
                0x00000000       0x34 /usr/lib/gcc/arm-none-eabi/13.2.1/../../../arm-none-eabi/lib/thumb/v7e-m+fp/hard/libc_nano.a(libc_a-closer.o)
 .text          0x00000000       0xc4 /usr/lib/gcc/arm-none-eabi/13.2.1/../../../arm-none-eabi/lib/thumb/v7e-m+fp/hard/libc_nano.a(libc_a-__call_atexit.o)
 .data          0x00000000        0x0 /usr/lib/gcc/arm-none-eabi/13.2.1/../../../arm-none-eabi/lib/thumb/v7e-m+fp/hard/libc_nano.a(libc_a-__call_atexit.o)
 .bss           0x00000000        0x4 /usr/lib/gcc/arm-none-eabi/13.2.1/../../../arm-none-eabi/lib/thumb/v7e-m+fp/hard/libc_nano.a(libc_a-__call_atexit.o)
 .debug_info    0x00000000      0x235 /usr/lib/gcc/arm-none-eabi/13.2.1/../../../arm-none-eabi/lib/thumb/v7e-m+fp/hard/libc_nano.a(libc_a-__call_atexit.o)
 .debug_abbrev  0x00000000      0x179 /usr/lib/gcc/arm-none-eabi/13.2.1/../../../arm-none-eabi/lib/thumb/v7e-m+fp/hard/libc_nano.a(libc_a-__call_atexit.o)
 .debug_loclists
                0x00000000       0xff /usr/lib/gcc/arm-none-eabi/13.2.1/../../../arm-none-eabi/lib/thumb/v7e-m+fp/hard/libc_nano.a(libc_a-__call_atexit.o)
 .debug_aranges
                0x00000000       0x20 /usr/lib/gcc/arm-none-eabi/13.2.1/../../../arm-none-eabi/lib/thumb/v7e-m+fp/hard/libc_nano.a(libc_a-__call_atexit.o)
 .debug_rnglists
                0x00000000       0x2c /usr/lib/gcc/arm-none-eabi/13.2.1/../../../arm-none-eabi/lib/thumb/v7e-m+fp/hard/libc_nano.a(libc_a-__call_atexit.o)
 .debug_line    0x00000000      0x246 /usr/lib/gcc/arm-none-eabi/13.2.1/../../../arm-none-eabi/lib/thumb/v7e-m+fp/hard/libc_nano.a(libc_a-__call_atexit.o)
 .debug_str     0x00000000      0x242 /usr/lib/gcc/arm-none-eabi/13.2.1/../../../arm-none-eabi/lib/thumb/v7e-m+fp/hard/libc_nano.a(libc_a-__call_atexit.o)
 .comment       0x00000000       0x27 /usr/lib/gcc/arm-none-eabi/13.2.1/../../../arm-none-eabi/lib/thumb/v7e-m+fp/hard/libc_nano.a(libc_a-__call_atexit.o)
 .debug_frame   0x00000000       0x40 /usr/lib/gcc/arm-none-eabi/13.2.1/../../../arm-none-eabi/lib/thumb/v7e-m+fp/hard/libc_nano.a(libc_a-__call_atexit.o)
 .ARM.attributes
                0x00000000       0x34 /usr/lib/gcc/arm-none-eabi/13.2.1/../../../arm-none-eabi/lib/thumb/v7e-m+fp/hard/libc_nano.a(libc_a-__call_atexit.o)
 .text          0x00000000       0x2c /usr/lib/gcc/arm-none-eabi/13.2.1/../../../arm-none-eabi/lib/thumb/v7e-m+fp/hard/libc_nano.a(libc_a-readr.o)
 .data          0x00000000        0x0 /usr/lib/gcc/arm-none-eabi/13.2.1/../../../arm-none-eabi/lib/thumb/v7e-m+fp/hard/libc_nano.a(libc_a-readr.o)
 .bss           0x00000000        0x0 /usr/lib/gcc/arm-none-eabi/13.2.1/../../../arm-none-eabi/lib/thumb/v7e-m+fp/hard/libc_nano.a(libc_a-readr.o)
 .debug_info    0x00000000      0x7b5 /usr/lib/gcc/arm-none-eabi/13.2.1/../../../arm-none-eabi/lib/thumb/v7e-m+fp/hard/libc_nano.a(libc_a-readr.o)
 .debug_abbrev  0x00000000      0x1b0 /usr/lib/gcc/arm-none-eabi/13.2.1/../../../arm-none-eabi/lib/thumb/v7e-m+fp/hard/libc_nano.a(libc_a-readr.o)
 .debug_loclists
                0x00000000       0x9e /usr/lib/gcc/arm-none-eabi/13.2.1/../../../arm-none-eabi/lib/thumb/v7e-m+fp/hard/libc_nano.a(libc_a-readr.o)
 .debug_aranges
                0x00000000       0x20 /usr/lib/gcc/arm-none-eabi/13.2.1/../../../arm-none-eabi/lib/thumb/v7e-m+fp/hard/libc_nano.a(libc_a-readr.o)
 .debug_line    0x00000000      0x198 /usr/lib/gcc/arm-none-eabi/13.2.1/../../../arm-none-eabi/lib/thumb/v7e-m+fp/hard/libc_nano.a(libc_a-readr.o)
 .debug_str     0x00000000      0x4c0 /usr/lib/gcc/arm-none-eabi/13.2.1/../../../arm-none-eabi/lib/thumb/v7e-m+fp/hard/libc_nano.a(libc_a-readr.o)
 .comment       0x00000000       0x27 /usr/lib/gcc/arm-none-eabi/13.2.1/../../../arm-none-eabi/lib/thumb/v7e-m+fp/hard/libc_nano.a(libc_a-readr.o)
 .debug_frame   0x00000000       0x2c /usr/lib/gcc/arm-none-eabi/13.2.1/../../../arm-none-eabi/lib/thumb/v7e-m+fp/hard/libc_nano.a(libc_a-readr.o)
 .ARM.attributes
                0x00000000       0x34 /usr/lib/gcc/arm-none-eabi/13.2.1/../../../arm-none-eabi/lib/thumb/v7e-m+fp/hard/libc_nano.a(libc_a-readr.o)
 .text          0x00000000       0xd4 /usr/lib/gcc/arm-none-eabi/13.2.1/../../../arm-none-eabi/lib/thumb/v7e-m+fp/hard/libc_nano.a(libc_a-reent.o)
 .data          0x00000000        0x0 /usr/lib/gcc/arm-none-eabi/13.2.1/../../../arm-none-eabi/lib/thumb/v7e-m+fp/hard/libc_nano.a(libc_a-reent.o)
 .bss           0x00000000        0x4 /usr/lib/gcc/arm-none-eabi/13.2.1/../../../arm-none-eabi/lib/thumb/v7e-m+fp/hard/libc_nano.a(libc_a-reent.o)
 .debug_info    0x00000000      0x89f /usr/lib/gcc/arm-none-eabi/13.2.1/../../../arm-none-eabi/lib/thumb/v7e-m+fp/hard/libc_nano.a(libc_a-reent.o)
 .debug_abbrev  0x00000000      0x1ee /usr/lib/gcc/arm-none-eabi/13.2.1/../../../arm-none-eabi/lib/thumb/v7e-m+fp/hard/libc_nano.a(libc_a-reent.o)
 .debug_loclists
                0x00000000       0x80 /usr/lib/gcc/arm-none-eabi/13.2.1/../../../arm-none-eabi/lib/thumb/v7e-m+fp/hard/libc_nano.a(libc_a-reent.o)
 .debug_aranges
                0x00000000       0x20 /usr/lib/gcc/arm-none-eabi/13.2.1/../../../arm-none-eabi/lib/thumb/v7e-m+fp/hard/libc_nano.a(libc_a-reent.o)
 .debug_line    0x00000000      0x27b /usr/lib/gcc/arm-none-eabi/13.2.1/../../../arm-none-eabi/lib/thumb/v7e-m+fp/hard/libc_nano.a(libc_a-reent.o)
 .debug_str     0x00000000      0x4db /usr/lib/gcc/arm-none-eabi/13.2.1/../../../arm-none-eabi/lib/thumb/v7e-m+fp/hard/libc_nano.a(libc_a-reent.o)
 .comment       0x00000000       0x27 /usr/lib/gcc/arm-none-eabi/13.2.1/../../../arm-none-eabi/lib/thumb/v7e-m+fp/hard/libc_nano.a(libc_a-reent.o)
 .debug_frame   0x00000000       0x40 /usr/lib/gcc/arm-none-eabi/13.2.1/../../../arm-none-eabi/lib/thumb/v7e-m+fp/hard/libc_nano.a(libc_a-reent.o)
 .ARM.attributes
                0x00000000       0x34 /usr/lib/gcc/arm-none-eabi/13.2.1/../../../arm-none-eabi/lib/thumb/v7e-m+fp/hard/libc_nano.a(libc_a-reent.o)
 .text          0x00000000       0x2c /usr/lib/gcc/arm-none-eabi/13.2.1/../../../arm-none-eabi/lib/thumb/v7e-m+fp/hard/libc_nano.a(libc_a-lseekr.o)
 .data          0x00000000        0x0 /usr/lib/gcc/arm-none-eabi/13.2.1/../../../arm-none-eabi/lib/thumb/v7e-m+fp/hard/libc_nano.a(libc_a-lseekr.o)
 .bss           0x00000000        0x0 /usr/lib/gcc/arm-none-eabi/13.2.1/../../../arm-none-eabi/lib/thumb/v7e-m+fp/hard/libc_nano.a(libc_a-lseekr.o)
 .debug_info    0x00000000      0x79e /usr/lib/gcc/arm-none-eabi/13.2.1/../../../arm-none-eabi/lib/thumb/v7e-m+fp/hard/libc_nano.a(libc_a-lseekr.o)
 .debug_abbrev  0x00000000      0x1c4 /usr/lib/gcc/arm-none-eabi/13.2.1/../../../arm-none-eabi/lib/thumb/v7e-m+fp/hard/libc_nano.a(libc_a-lseekr.o)
 .debug_loclists
                0x00000000       0x9e /usr/lib/gcc/arm-none-eabi/13.2.1/../../../arm-none-eabi/lib/thumb/v7e-m+fp/hard/libc_nano.a(libc_a-lseekr.o)
 .debug_aranges
                0x00000000       0x20 /usr/lib/gcc/arm-none-eabi/13.2.1/../../../arm-none-eabi/lib/thumb/v7e-m+fp/hard/libc_nano.a(libc_a-lseekr.o)
 .debug_line    0x00000000      0x199 /usr/lib/gcc/arm-none-eabi/13.2.1/../../../arm-none-eabi/lib/thumb/v7e-m+fp/hard/libc_nano.a(libc_a-lseekr.o)
 .debug_str     0x00000000      0x4c0 /usr/lib/gcc/arm-none-eabi/13.2.1/../../../arm-none-eabi/lib/thumb/v7e-m+fp/hard/libc_nano.a(libc_a-lseekr.o)
 .comment       0x00000000       0x27 /usr/lib/gcc/arm-none-eabi/13.2.1/../../../arm-none-eabi/lib/thumb/v7e-m+fp/hard/libc_nano.a(libc_a-lseekr.o)
 .debug_frame   0x00000000       0x2c /usr/lib/gcc/arm-none-eabi/13.2.1/../../../arm-none-eabi/lib/thumb/v7e-m+fp/hard/libc_nano.a(libc_a-lseekr.o)
 .ARM.attributes
                0x00000000       0x34 /usr/lib/gcc/arm-none-eabi/13.2.1/../../../arm-none-eabi/lib/thumb/v7e-m+fp/hard/libc_nano.a(libc_a-lseekr.o)
 .text          0x00000000       0x2c /usr/lib/gcc/arm-none-eabi/13.2.1/../../../arm-none-eabi/lib/thumb/v7e-m+fp/hard/libc_nano.a(libc_a-writer.o)
 .data          0x00000000        0x0 /usr/lib/gcc/arm-none-eabi/13.2.1/../../../arm-none-eabi/lib/thumb/v7e-m+fp/hard/libc_nano.a(libc_a-writer.o)
 .bss           0x00000000        0x0 /usr/lib/gcc/arm-none-eabi/13.2.1/../../../arm-none-eabi/lib/thumb/v7e-m+fp/hard/libc_nano.a(libc_a-writer.o)
 .debug_info    0x00000000      0x7bb /usr/lib/gcc/arm-none-eabi/13.2.1/../../../arm-none-eabi/lib/thumb/v7e-m+fp/hard/libc_nano.a(libc_a-writer.o)
 .debug_abbrev  0x00000000      0x1b5 /usr/lib/gcc/arm-none-eabi/13.2.1/../../../arm-none-eabi/lib/thumb/v7e-m+fp/hard/libc_nano.a(libc_a-writer.o)
 .debug_loclists
                0x00000000       0x9e /usr/lib/gcc/arm-none-eabi/13.2.1/../../../arm-none-eabi/lib/thumb/v7e-m+fp/hard/libc_nano.a(libc_a-writer.o)
 .debug_aranges
                0x00000000       0x20 /usr/lib/gcc/arm-none-eabi/13.2.1/../../../arm-none-eabi/lib/thumb/v7e-m+fp/hard/libc_nano.a(libc_a-writer.o)
 .debug_line    0x00000000      0x199 /usr/lib/gcc/arm-none-eabi/13.2.1/../../../arm-none-eabi/lib/thumb/v7e-m+fp/hard/libc_nano.a(libc_a-writer.o)
 .debug_str     0x00000000      0x4c2 /usr/lib/gcc/arm-none-eabi/13.2.1/../../../arm-none-eabi/lib/thumb/v7e-m+fp/hard/libc_nano.a(libc_a-writer.o)
 .comment       0x00000000       0x27 /usr/lib/gcc/arm-none-eabi/13.2.1/../../../arm-none-eabi/lib/thumb/v7e-m+fp/hard/libc_nano.a(libc_a-writer.o)
 .debug_frame   0x00000000       0x2c /usr/lib/gcc/arm-none-eabi/13.2.1/../../../arm-none-eabi/lib/thumb/v7e-m+fp/hard/libc_nano.a(libc_a-writer.o)
 .ARM.attributes
                0x00000000       0x34 /usr/lib/gcc/arm-none-eabi/13.2.1/../../../arm-none-eabi/lib/thumb/v7e-m+fp/hard/libc_nano.a(libc_a-writer.o)
 .text          0x00000000        0x0 /usr/lib/gcc/arm-none-eabi/13.2.1/thumb/v7e-m+fp/hard/crtend.o
 .data          0x00000000        0x0 /usr/lib/gcc/arm-none-eabi/13.2.1/thumb/v7e-m+fp/hard/crtend.o
 .bss           0x00000000        0x0 /usr/lib/gcc/arm-none-eabi/13.2.1/thumb/v7e-m+fp/hard/crtend.o
 .rodata        0x00000000       0x24 /usr/lib/gcc/arm-none-eabi/13.2.1/thumb/v7e-m+fp/hard/crtend.o
 .eh_frame      0x00000000        0x4 /usr/lib/gcc/arm-none-eabi/13.2.1/thumb/v7e-m+fp/hard/crtend.o
 .text          0x00000000        0x0 /usr/lib/gcc/arm-none-eabi/13.2.1/thumb/v7e-m+fp/hard/crtn.o
 .data          0x00000000        0x0 /usr/lib/gcc/arm-none-eabi/13.2.1/thumb/v7e-m+fp/hard/crtn.o
 .bss           0x00000000        0x0 /usr/lib/gcc/arm-none-eabi/13.2.1/thumb/v7e-m+fp/hard/crtn.o

Memory Configuration

Name             Origin             Length             Attributes
CCMRAM           0x10000000         0x00010000         xrw
RAM              0x20000000         0x00020000         xrw
FLASH            0x08000000         0x00100000         xr
*default*        0x00000000         0xffffffff

Linker script and memory map

LOAD /usr/lib/gcc/arm-none-eabi/13.2.1/thumb/v7e-m+fp/hard/crti.o
LOAD /usr/lib/gcc/arm-none-eabi/13.2.1/thumb/v7e-m+fp/hard/crtbegin.o
LOAD /usr/lib/gcc/arm-none-eabi/13.2.1/../../../arm-none-eabi/lib/thumb/v7e-m+fp/hard/crt0.o
LOAD ./Src/spi_tx_testing.o
LOAD ./Src/syscalls.o
LOAD ./Src/sysmem.o
LOAD ./Startup/startup_stm32f407vgtx.o
LOAD ./drivers/stm32f407xx_gpio_driver.o
LOAD ./drivers/stm32f407xx_i2c_driver.o
LOAD ./drivers/stm32f407xx_rcc_driver.o
LOAD ./drivers/stm32f407xx_spi_driver.o
START GROUP
LOAD /usr/lib/gcc/arm-none-eabi/13.2.1/../../../arm-none-eabi/lib/thumb/v7e-m+fp/hard/libc_nano.a
LOAD /usr/lib/gcc/arm-none-eabi/13.2.1/../../../arm-none-eabi/lib/thumb/v7e-m+fp/hard/libm.a
END GROUP
START GROUP
LOAD /usr/lib/gcc/arm-none-eabi/13.2.1/thumb/v7e-m+fp/hard/libgcc.a
LOAD /usr/lib/gcc/arm-none-eabi/13.2.1/../../../arm-none-eabi/lib/thumb/v7e-m+fp/hard/libc_nano.a
END GROUP
START GROUP
LOAD /usr/lib/gcc/arm-none-eabi/13.2.1/thumb/v7e-m+fp/hard/libgcc.a
LOAD /usr/lib/gcc/arm-none-eabi/13.2.1/../../../arm-none-eabi/lib/thumb/v7e-m+fp/hard/libc_nano.a
LOAD /usr/lib/gcc/arm-none-eabi/13.2.1/../../../arm-none-eabi/lib/thumb/v7e-m+fp/hard/libnosys.a
END GROUP
START GROUP
LOAD /usr/lib/gcc/arm-none-eabi/13.2.1/thumb/v7e-m+fp/hard/libgcc.a
LOAD /usr/lib/gcc/arm-none-eabi/13.2.1/../../../arm-none-eabi/lib/thumb/v7e-m+fp/hard/libc_nano.a
LOAD /usr/lib/gcc/arm-none-eabi/13.2.1/../../../arm-none-eabi/lib/thumb/v7e-m+fp/hard/libnosys.a
END GROUP
LOAD /usr/lib/gcc/arm-none-eabi/13.2.1/thumb/v7e-m+fp/hard/crtend.o
LOAD /usr/lib/gcc/arm-none-eabi/13.2.1/thumb/v7e-m+fp/hard/crtn.o
                0x20020000                        _estack = (ORIGIN (RAM) + LENGTH (RAM))
                0x00000200                        _Min_Heap_Size = 0x200
                0x00000400                        _Min_Stack_Size = 0x400

.isr_vector     0x08000000      0x188
                0x08000000                        . = ALIGN (0x4)
 *(.isr_vector)
 .isr_vector    0x08000000      0x188 ./Startup/startup_stm32f407vgtx.o
                0x08000000                g_pfnVectors
                0x08000188                        . = ALIGN (0x4)

.text           0x080001c0      0xb84
                0x080001c0                        . = ALIGN (0x4)
 *(.text)
 .text          0x080001c0       0x88 /usr/lib/gcc/arm-none-eabi/13.2.1/thumb/v7e-m+fp/hard/crtbegin.o
 .text          0x08000248       0x50 /usr/lib/gcc/arm-none-eabi/13.2.1/../../../arm-none-eabi/lib/thumb/v7e-m+fp/hard/libc_nano.a(libc_a-init.o)
                0x08000248                __libc_init_array
 *fill*         0x08000298       0x28 
 .text          0x080002c0       0xd8 /usr/lib/gcc/arm-none-eabi/13.2.1/../../../arm-none-eabi/lib/thumb/v7e-m+fp/hard/libc_nano.a(libc_a-strlen.o)
                0x080002c0                strlen
 .text          0x08000398      0x134 /usr/lib/gcc/arm-none-eabi/13.2.1/../../../arm-none-eabi/lib/thumb/v7e-m+fp/hard/libc_nano.a(libc_a-memcpy.o)
                0x08000398                memcpy
 *(.text*)
 .text.delay    0x080004cc       0x2c ./Src/spi_tx_testing.o
                0x080004cc                delay
 .text.SPI2_GPIOInits
                0x080004f8       0x50 ./Src/spi_tx_testing.o
                0x080004f8                SPI2_GPIOInits
 .text.SPI2_Inits
                0x08000548       0x3c ./Src/spi_tx_testing.o
                0x08000548                SPI2_Inits
 .text.GPIO_ButtonInit
                0x08000584       0x30 ./Src/spi_tx_testing.o
                0x08000584                GPIO_ButtonInit
 .text.main     0x080005b4       0x98 ./Src/spi_tx_testing.o
                0x080005b4                main
 .text.Reset_Handler
                0x0800064c       0x50 ./Startup/startup_stm32f407vgtx.o
                0x0800064c                Reset_Handler
 .text.Default_Handler
                0x0800069c        0x2 ./Startup/startup_stm32f407vgtx.o
                0x0800069c                RTC_Alarm_IRQHandler
                0x0800069c                HASH_RNG_IRQHandler
                0x0800069c                EXTI2_IRQHandler
                0x0800069c                TIM8_CC_IRQHandler
                0x0800069c                DebugMon_Handler
                0x0800069c                TIM1_CC_IRQHandler
                0x0800069c                DMA2_Stream5_IRQHandler
                0x0800069c                HardFault_Handler
                0x0800069c                DMA1_Stream5_IRQHandler
                0x0800069c                SysTick_Handler
                0x0800069c                PVD_IRQHandler
                0x0800069c                SDIO_IRQHandler
                0x0800069c                TAMP_STAMP_IRQHandler
                0x0800069c                PendSV_Handler
                0x0800069c                NMI_Handler
                0x0800069c                CAN2_RX1_IRQHandler
                0x0800069c                EXTI3_IRQHandler
                0x0800069c                TIM8_TRG_COM_TIM14_IRQHandler
                0x0800069c                TIM1_UP_TIM10_IRQHandler
                0x0800069c                TIM8_UP_TIM13_IRQHandler
                0x0800069c                I2C3_ER_IRQHandler
                0x0800069c                EXTI0_IRQHandler
                0x0800069c                I2C2_EV_IRQHandler
                0x0800069c                DMA1_Stream2_IRQHandler
                0x0800069c                CAN1_RX0_IRQHandler
                0x0800069c                FPU_IRQHandler
                0x0800069c                OTG_HS_WKUP_IRQHandler
                0x0800069c                UsageFault_Handler
                0x0800069c                CAN2_SCE_IRQHandler
                0x0800069c                DMA2_Stream2_IRQHandler
                0x0800069c                SPI1_IRQHandler
                0x0800069c                TIM6_DAC_IRQHandler
                0x0800069c                TIM1_BRK_TIM9_IRQHandler
                0x0800069c                DCMI_IRQHandler
                0x0800069c                CAN2_RX0_IRQHandler
                0x0800069c                DMA2_Stream3_IRQHandler
                0x0800069c                USART6_IRQHandler
                0x0800069c                USART3_IRQHandler
                0x0800069c                CRYP_IRQHandler
                0x0800069c                CAN1_RX1_IRQHandler
                0x0800069c                UART5_IRQHandler
                0x0800069c                DMA2_Stream0_IRQHandler
                0x0800069c                TIM4_IRQHandler
                0x0800069c                I2C1_EV_IRQHandler
                0x0800069c                DMA1_Stream6_IRQHandler
                0x0800069c                DMA1_Stream1_IRQHandler
                0x0800069c                UART4_IRQHandler
                0x0800069c                TIM3_IRQHandler
                0x0800069c                RCC_IRQHandler
                0x0800069c                TIM8_BRK_TIM12_IRQHandler
                0x0800069c                Default_Handler
                0x0800069c                EXTI15_10_IRQHandler
                0x0800069c                ADC_IRQHandler
                0x0800069c                DMA1_Stream7_IRQHandler
                0x0800069c                TIM7_IRQHandler
                0x0800069c                CAN2_TX_IRQHandler
                0x0800069c                TIM5_IRQHandler
                0x0800069c                DMA2_Stream7_IRQHandler
                0x0800069c                I2C3_EV_IRQHandler
                0x0800069c                EXTI9_5_IRQHandler
                0x0800069c                RTC_WKUP_IRQHandler
                0x0800069c                ETH_WKUP_IRQHandler
                0x0800069c                SPI2_IRQHandler
                0x0800069c                OTG_HS_EP1_IN_IRQHandler
                0x0800069c                MemManage_Handler
                0x0800069c                DMA1_Stream0_IRQHandler
                0x0800069c                CAN1_TX_IRQHandler
                0x0800069c                SVC_Handler
                0x0800069c                EXTI4_IRQHandler
                0x0800069c                FSMC_IRQHandler
                0x0800069c                ETH_IRQHandler
                0x0800069c                OTG_HS_EP1_OUT_IRQHandler
                0x0800069c                WWDG_IRQHandler
                0x0800069c                TIM2_IRQHandler
                0x0800069c                OTG_FS_WKUP_IRQHandler
                0x0800069c                TIM1_TRG_COM_TIM11_IRQHandler
                0x0800069c                OTG_HS_IRQHandler
                0x0800069c                EXTI1_IRQHandler
                0x0800069c                USART2_IRQHandler
                0x0800069c                I2C2_ER_IRQHandler
                0x0800069c                DMA2_Stream1_IRQHandler
                0x0800069c                CAN1_SCE_IRQHandler
                0x0800069c                DMA2_Stream4_IRQHandler
                0x0800069c                BusFault_Handler
                0x0800069c                USART1_IRQHandler
                0x0800069c                OTG_FS_IRQHandler
                0x0800069c                SPI3_IRQHandler
                0x0800069c                DMA1_Stream4_IRQHandler
                0x0800069c                I2C1_ER_IRQHandler
                0x0800069c                DMA2_Stream6_IRQHandler
                0x0800069c                DMA1_Stream3_IRQHandler
 *fill*         0x0800069e        0x2 
 .text.GPIO_PClockControl
                0x080006a0      0x10c ./drivers/stm32f407xx_gpio_driver.o
                0x080006a0                GPIO_PClockControl
 .text.GPIO_Init
                0x080007ac      0x32c ./drivers/stm32f407xx_gpio_driver.o
                0x080007ac                GPIO_Init
 .text.GPIO_ReadFromInputPin
                0x08000ad8       0x2c ./drivers/stm32f407xx_gpio_driver.o
                0x08000ad8                GPIO_ReadFromInputPin
 .text.SPI_GetFlagStatus
                0x08000b04       0x28 ./drivers/stm32f407xx_spi_driver.o
                0x08000b04                SPI_GetFlagStatus
 .text.SPI_PClockControl
                0x08000b2c       0x70 ./drivers/stm32f407xx_spi_driver.o
                0x08000b2c                SPI_PClockControl
 .text.SPI_Init
                0x08000b9c       0xac ./drivers/stm32f407xx_spi_driver.o
                0x08000b9c                SPI_Init
 .text.SPI_SendData
                0x08000c48       0x6e ./drivers/stm32f407xx_spi_driver.o
                0x08000c48                SPI_SendData
 .text.SPI_PeripheralControl
                0x08000cb6       0x3c ./drivers/stm32f407xx_spi_driver.o
                0x08000cb6                SPI_PeripheralControl
 .text.SPI_SSOEConfig
                0x08000cf2       0x38 ./drivers/stm32f407xx_spi_driver.o
                0x08000cf2                SPI_SSOEConfig
 *(.glue_7)
 .glue_7        0x08000d2a        0x0 linker stubs
 *(.glue_7t)
 .glue_7t       0x08000d2a        0x0 linker stubs
 *(.eh_frame)
 *fill*         0x08000d2a        0x2 
 .eh_frame      0x08000d2c        0x0 /usr/lib/gcc/arm-none-eabi/13.2.1/thumb/v7e-m+fp/hard/crtbegin.o
 *(.init)
 .init          0x08000d2c        0x4 /usr/lib/gcc/arm-none-eabi/13.2.1/thumb/v7e-m+fp/hard/crti.o
                0x08000d2c                _init
 .init          0x08000d30        0x8 /usr/lib/gcc/arm-none-eabi/13.2.1/thumb/v7e-m+fp/hard/crtn.o
 *(.fini)
 .fini          0x08000d38        0x4 /usr/lib/gcc/arm-none-eabi/13.2.1/thumb/v7e-m+fp/hard/crti.o
                0x08000d38                _fini
 .fini          0x08000d3c        0x8 /usr/lib/gcc/arm-none-eabi/13.2.1/thumb/v7e-m+fp/hard/crtn.o
                0x08000d44                        . = ALIGN (0x4)
                0x08000d44                        _etext = .

.vfp11_veneer   0x08000d44        0x0
 .vfp11_veneer  0x08000d44        0x0 linker stubs

.v4_bx          0x08000d44        0x0
 .v4_bx         0x08000d44        0x0 linker stubs

.iplt           0x08000d44        0x0
 .iplt          0x08000d44        0x0 /usr/lib/gcc/arm-none-eabi/13.2.1/thumb/v7e-m+fp/hard/crtbegin.o

.rodata         0x08000d44       0xcc
                0x08000d44                        . = ALIGN (0x4)
 *(.rodata)
 .rodata        0x08000d44       0xca ./Src/spi_tx_testing.o
 *(.rodata*)
                0x08000e10                        . = ALIGN (0x4)
 *fill*         0x08000e0e        0x2 

.ARM.extab      0x08000e10        0x0
                0x08000e10                        . = ALIGN (0x4)
 *(.ARM.extab* .gnu.linkonce.armextab.*)
                0x08000e10                        . = ALIGN (0x4)

.ARM            0x08000e10        0x8
                0x08000e10                        . = ALIGN (0x4)
                0x08000e10                        __exidx_start = .
 *(.ARM.exidx*)
 .ARM.exidx     0x08000e10        0x8 /usr/lib/gcc/arm-none-eabi/13.2.1/../../../arm-none-eabi/lib/thumb/v7e-m+fp/hard/libc_nano.a(libc_a-strlen.o)
 .ARM.exidx     0x08000e18        0x0 /usr/lib/gcc/arm-none-eabi/13.2.1/../../../arm-none-eabi/lib/thumb/v7e-m+fp/hard/libc_nano.a(libc_a-memcpy.o)
                                  0x8 (size before relaxing)
                0x08000e18                        __exidx_end = .
                0x08000e18                        . = ALIGN (0x4)

.preinit_array  0x08000e18        0x0
                0x08000e18                        . = ALIGN (0x4)
                0x08000e18                        PROVIDE (__preinit_array_start = .)
 *(.preinit_array*)
                0x08000e18                        PROVIDE (__preinit_array_end = .)
                0x08000e18                        . = ALIGN (0x4)

.init_array     0x08000e18        0x4
                0x08000e18                        . = ALIGN (0x4)
                0x08000e18                        PROVIDE (__init_array_start = .)
 *(SORT_BY_NAME(.init_array.*))
 *(.init_array*)
 .init_array    0x08000e18        0x4 /usr/lib/gcc/arm-none-eabi/13.2.1/thumb/v7e-m+fp/hard/crtbegin.o
                0x08000e1c                        PROVIDE (__init_array_end = .)
                0x08000e1c                        . = ALIGN (0x4)

.fini_array     0x08000e1c        0x4
                0x08000e1c                        . = ALIGN (0x4)
                0x08000e1c                        PROVIDE (__fini_array_start = .)
 *(SORT_BY_NAME(.fini_array.*))
 *(.fini_array*)
 .fini_array    0x08000e1c        0x4 /usr/lib/gcc/arm-none-eabi/13.2.1/thumb/v7e-m+fp/hard/crtbegin.o
                0x08000e20                        PROVIDE (__fini_array_end = .)
                0x08000e20                        . = ALIGN (0x4)
                0x08000e20                        _sidata = LOADADDR (.data)

.rel.dyn        0x08000e20        0x0
 .rel.iplt      0x08000e20        0x0 /usr/lib/gcc/arm-none-eabi/13.2.1/thumb/v7e-m+fp/hard/crtbegin.o

.data           0x20000000        0x0 load address 0x08000e20
                0x20000000                        . = ALIGN (0x4)
                0x20000000                        _sdata = .
 *(.data)
 *(.data*)
 *(.RamFunc)
 *(.RamFunc*)
                0x20000000                        . = ALIGN (0x4)
                0x20000000                        _edata = .
                0x08000e20                        _siccmram = LOADADDR (.ccmram)

.tm_clone_table
                0x20000000        0x0 load address 0x08000e20
 .tm_clone_table
                0x20000000        0x0 /usr/lib/gcc/arm-none-eabi/13.2.1/thumb/v7e-m+fp/hard/crtbegin.o
 .tm_clone_table
                0x20000000        0x0 /usr/lib/gcc/arm-none-eabi/13.2.1/thumb/v7e-m+fp/hard/crtend.o

.igot.plt       0x20000000        0x0 load address 0x08000e20
 .igot.plt      0x20000000        0x0 /usr/lib/gcc/arm-none-eabi/13.2.1/thumb/v7e-m+fp/hard/crtbegin.o

.ccmram         0x10000000        0x0 load address 0x08000e20
                0x10000000                        . = ALIGN (0x4)
                0x10000000                        _sccmram = .
 *(.ccmram)
 *(.ccmram*)
                0x10000000                        . = ALIGN (0x4)
                0x10000000                        _eccmram = .
                0x10000000                        . = ALIGN (0x4)

.bss            0x20000000       0x1c
                0x20000000                        _sbss = .
                0x20000000                        __bss_start__ = _sbss
 *(.bss)
 .bss           0x20000000       0x1c /usr/lib/gcc/arm-none-eabi/13.2.1/thumb/v7e-m+fp/hard/crtbegin.o
 *(.bss*)
 *(COMMON)
                0x2000001c                        . = ALIGN (0x4)
                0x2000001c                        _ebss = .
                0x2000001c                        __bss_end__ = _ebss

._user_heap_stack
                0x2000001c      0x604
                0x20000020                        . = ALIGN (0x8)
 *fill*         0x2000001c        0x4 
                [!provide]                        PROVIDE (end = .)
                0x20000020                        PROVIDE (_end = .)
                0x20000220                        . = (. + _Min_Heap_Size)
 *fill*         0x20000020      0x200 
                0x20000620                        . = (. + _Min_Stack_Size)
 *fill*         0x20000220      0x400 
                0x20000620                        . = ALIGN (0x8)

/DISCARD/
 libc.a(*)
 libm.a(*)
 libgcc.a(*)

.ARM.attributes
                0x00000000       0x30
 *(.ARM.attributes)
 .ARM.attributes
                0x00000000       0x22 /usr/lib/gcc/arm-none-eabi/13.2.1/thumb/v7e-m+fp/hard/crti.o
 .ARM.attributes
                0x00000022       0x34 /usr/lib/gcc/arm-none-eabi/13.2.1/thumb/v7e-m+fp/hard/crtbegin.o
 .ARM.attributes
                0x00000056       0x34 ./Src/spi_tx_testing.o
 .ARM.attributes
                0x0000008a       0x21 ./Startup/startup_stm32f407vgtx.o
 .ARM.attributes
                0x000000ab       0x34 ./drivers/stm32f407xx_gpio_driver.o
 .ARM.attributes
                0x000000df       0x34 ./drivers/stm32f407xx_spi_driver.o
 .ARM.attributes
                0x00000113       0x34 /usr/lib/gcc/arm-none-eabi/13.2.1/../../../arm-none-eabi/lib/thumb/v7e-m+fp/hard/libc_nano.a(libc_a-init.o)
 .ARM.attributes
                0x00000147       0x1c /usr/lib/gcc/arm-none-eabi/13.2.1/../../../arm-none-eabi/lib/thumb/v7e-m+fp/hard/libc_nano.a(libc_a-strlen.o)
 .ARM.attributes
                0x00000163       0x20 /usr/lib/gcc/arm-none-eabi/13.2.1/../../../arm-none-eabi/lib/thumb/v7e-m+fp/hard/libc_nano.a(libc_a-memcpy.o)
 .ARM.attributes
                0x00000183       0x34 /usr/lib/gcc/arm-none-eabi/13.2.1/thumb/v7e-m+fp/hard/crtend.o
 .ARM.attributes
                0x000001b7       0x22 /usr/lib/gcc/arm-none-eabi/13.2.1/thumb/v7e-m+fp/hard/crtn.o
OUTPUT(stm32f4xx_drivers.elf elf32-littlearm)
LOAD linker stubs
LOAD /usr/lib/gcc/arm-none-eabi/13.2.1/../../../arm-none-eabi/lib/thumb/v7e-m+fp/hard/libc.a
LOAD /usr/lib/gcc/arm-none-eabi/13.2.1/../../../arm-none-eabi/lib/thumb/v7e-m+fp/hard/libm.a
LOAD /usr/lib/gcc/arm-none-eabi/13.2.1/thumb/v7e-m+fp/hard/libgcc.a

.comment        0x00000000       0x26
 .comment       0x00000000       0x26 /usr/lib/gcc/arm-none-eabi/13.2.1/thumb/v7e-m+fp/hard/crtbegin.o
                                 0x27 (size before relaxing)
 .comment       0x00000026       0x27 ./Src/spi_tx_testing.o
 .comment       0x00000026       0x27 ./drivers/stm32f407xx_gpio_driver.o
 .comment       0x00000026       0x27 ./drivers/stm32f407xx_spi_driver.o
 .comment       0x00000026       0x27 /usr/lib/gcc/arm-none-eabi/13.2.1/../../../arm-none-eabi/lib/thumb/v7e-m+fp/hard/libc_nano.a(libc_a-init.o)
 .comment       0x00000026       0x27 /usr/lib/gcc/arm-none-eabi/13.2.1/thumb/v7e-m+fp/hard/crtend.o

.debug_info     0x00000000     0x16cf
 .debug_info    0x00000000      0x507 ./Src/spi_tx_testing.o
 .debug_info    0x00000507       0x30 ./Startup/startup_stm32f407vgtx.o
 .debug_info    0x00000537      0x764 ./drivers/stm32f407xx_gpio_driver.o
 .debug_info    0x00000c9b      0x8c3 ./drivers/stm32f407xx_spi_driver.o
 .debug_info    0x0000155e      0x10b /usr/lib/gcc/arm-none-eabi/13.2.1/../../../arm-none-eabi/lib/thumb/v7e-m+fp/hard/libc_nano.a(libc_a-init.o)
 .debug_info    0x00001669       0x33 /usr/lib/gcc/arm-none-eabi/13.2.1/../../../arm-none-eabi/lib/thumb/v7e-m+fp/hard/libc_nano.a(libc_a-strlen.o)
 .debug_info    0x0000169c       0x33 /usr/lib/gcc/arm-none-eabi/13.2.1/../../../arm-none-eabi/lib/thumb/v7e-m+fp/hard/libc_nano.a(libc_a-memcpy.o)

.debug_abbrev   0x00000000      0x691
 .debug_abbrev  0x00000000      0x1ae ./Src/spi_tx_testing.o
 .debug_abbrev  0x000001ae       0x24 ./Startup/startup_stm32f407vgtx.o
 .debug_abbrev  0x000001d2      0x1ad ./drivers/stm32f407xx_gpio_driver.o
 .debug_abbrev  0x0000037f      0x1f9 ./drivers/stm32f407xx_spi_driver.o
 .debug_abbrev  0x00000578       0xc9 /usr/lib/gcc/arm-none-eabi/13.2.1/../../../arm-none-eabi/lib/thumb/v7e-m+fp/hard/libc_nano.a(libc_a-init.o)
 .debug_abbrev  0x00000641       0x28 /usr/lib/gcc/arm-none-eabi/13.2.1/../../../arm-none-eabi/lib/thumb/v7e-m+fp/hard/libc_nano.a(libc_a-strlen.o)
 .debug_abbrev  0x00000669       0x28 /usr/lib/gcc/arm-none-eabi/13.2.1/../../../arm-none-eabi/lib/thumb/v7e-m+fp/hard/libc_nano.a(libc_a-memcpy.o)

.debug_aranges  0x00000000      0x1f8
 .debug_aranges
                0x00000000       0x40 ./Src/spi_tx_testing.o
 .debug_aranges
                0x00000040       0x28 ./Startup/startup_stm32f407vgtx.o
 .debug_aranges
                0x00000068       0x70 ./drivers/stm32f407xx_gpio_driver.o
 .debug_aranges
                0x000000d8       0xc0 ./drivers/stm32f407xx_spi_driver.o
 .debug_aranges
                0x00000198       0x20 /usr/lib/gcc/arm-none-eabi/13.2.1/../../../arm-none-eabi/lib/thumb/v7e-m+fp/hard/libc_nano.a(libc_a-init.o)
 .debug_aranges
                0x000001b8       0x20 /usr/lib/gcc/arm-none-eabi/13.2.1/../../../arm-none-eabi/lib/thumb/v7e-m+fp/hard/libc_nano.a(libc_a-strlen.o)
 .debug_aranges
                0x000001d8       0x20 /usr/lib/gcc/arm-none-eabi/13.2.1/../../../arm-none-eabi/lib/thumb/v7e-m+fp/hard/libc_nano.a(libc_a-memcpy.o)

.debug_rnglists
                0x00000000      0x12b
 .debug_rnglists
                0x00000000       0x2c ./Src/spi_tx_testing.o
 .debug_rnglists
                0x0000002c       0x19 ./Startup/startup_stm32f407vgtx.o
 .debug_rnglists
                0x00000045       0x54 ./drivers/stm32f407xx_gpio_driver.o
 .debug_rnglists
                0x00000099       0x92 ./drivers/stm32f407xx_spi_driver.o

.debug_macro    0x00000000     0x2307
 .debug_macro   0x00000000      0x132 ./Src/spi_tx_testing.o
 .debug_macro   0x00000132      0xae4 ./Src/spi_tx_testing.o
 .debug_macro   0x00000c16       0x22 ./Src/spi_tx_testing.o
 .debug_macro   0x00000c38       0x54 ./Src/spi_tx_testing.o
 .debug_macro   0x00000c8c       0x2a ./Src/spi_tx_testing.o
 .debug_macro   0x00000cb6       0x94 ./Src/spi_tx_testing.o
 .debug_macro   0x00000d4a       0x43 ./Src/spi_tx_testing.o
 .debug_macro   0x00000d8d       0x34 ./Src/spi_tx_testing.o
 .debug_macro   0x00000dc1      0x190 ./Src/spi_tx_testing.o
 .debug_macro   0x00000f51       0x57 ./Src/spi_tx_testing.o
 .debug_macro   0x00000fa8      0x370 ./Src/spi_tx_testing.o
 .debug_macro   0x00001318       0x16 ./Src/spi_tx_testing.o
 .debug_macro   0x0000132e       0x4a ./Src/spi_tx_testing.o
 .debug_macro   0x00001378       0x34 ./Src/spi_tx_testing.o
 .debug_macro   0x000013ac       0x10 ./Src/spi_tx_testing.o
 .debug_macro   0x000013bc       0x52 ./Src/spi_tx_testing.o
 .debug_macro   0x0000140e       0x8e ./Src/spi_tx_testing.o
 .debug_macro   0x0000149c       0x1c ./Src/spi_tx_testing.o
 .debug_macro   0x000014b8      0x177 ./Src/spi_tx_testing.o
 .debug_macro   0x0000162f       0x10 ./Src/spi_tx_testing.o
 .debug_macro   0x0000163f       0x3c ./Src/spi_tx_testing.o
 .debug_macro   0x0000167b      0x34e ./Src/spi_tx_testing.o
 .debug_macro   0x000019c9      0x662 ./Src/spi_tx_testing.o
 .debug_macro   0x0000202b       0xca ./Src/spi_tx_testing.o
 .debug_macro   0x000020f5       0xc4 ./Src/spi_tx_testing.o
 .debug_macro   0x000021b9       0x45 ./drivers/stm32f407xx_gpio_driver.o
 .debug_macro   0x000021fe       0xc4 ./drivers/stm32f407xx_gpio_driver.o
 .debug_macro   0x000022c2       0x45 ./drivers/stm32f407xx_spi_driver.o

.debug_line     0x00000000     0x1333
 .debug_line    0x00000000      0x37a ./Src/spi_tx_testing.o
 .debug_line    0x0000037a       0x7b ./Startup/startup_stm32f407vgtx.o
 .debug_line    0x000003f5      0x652 ./drivers/stm32f407xx_gpio_driver.o
 .debug_line    0x00000a47      0x68f ./drivers/stm32f407xx_spi_driver.o
 .debug_line    0x000010d6      0x11e /usr/lib/gcc/arm-none-eabi/13.2.1/../../../arm-none-eabi/lib/thumb/v7e-m+fp/hard/libc_nano.a(libc_a-init.o)
 .debug_line    0x000011f4       0x86 /usr/lib/gcc/arm-none-eabi/13.2.1/../../../arm-none-eabi/lib/thumb/v7e-m+fp/hard/libc_nano.a(libc_a-strlen.o)
 .debug_line    0x0000127a       0xb9 /usr/lib/gcc/arm-none-eabi/13.2.1/../../../arm-none-eabi/lib/thumb/v7e-m+fp/hard/libc_nano.a(libc_a-memcpy.o)

.debug_str      0x00000000     0x976d
 .debug_str     0x00000000     0x976d ./Src/spi_tx_testing.o
                               0x929d (size before relaxing)
 .debug_str     0x0000976d       0xa6 ./Startup/startup_stm32f407vgtx.o
 .debug_str     0x0000976d     0x5e01 ./drivers/stm32f407xx_gpio_driver.o
 .debug_str     0x0000976d     0x5ee1 ./drivers/stm32f407xx_spi_driver.o
 .debug_str     0x0000976d      0x1fa /usr/lib/gcc/arm-none-eabi/13.2.1/../../../arm-none-eabi/lib/thumb/v7e-m+fp/hard/libc_nano.a(libc_a-init.o)
 .debug_str     0x0000976d       0xab /usr/lib/gcc/arm-none-eabi/13.2.1/../../../arm-none-eabi/lib/thumb/v7e-m+fp/hard/libc_nano.a(libc_a-strlen.o)
 .debug_str     0x0000976d       0xac /usr/lib/gcc/arm-none-eabi/13.2.1/../../../arm-none-eabi/lib/thumb/v7e-m+fp/hard/libc_nano.a(libc_a-memcpy.o)

.debug_frame    0x00000000      0x614
 .debug_frame   0x00000000       0xc4 ./Src/spi_tx_testing.o
 .debug_frame   0x000000c4      0x1d8 ./drivers/stm32f407xx_gpio_driver.o
 .debug_frame   0x0000029c      0x34c ./drivers/stm32f407xx_spi_driver.o
 .debug_frame   0x000005e8       0x2c /usr/lib/gcc/arm-none-eabi/13.2.1/../../../arm-none-eabi/lib/thumb/v7e-m+fp/hard/libc_nano.a(libc_a-init.o)

.debug_line_str
                0x00000000      0x134
 .debug_line_str
                0x00000000      0x134 ./Startup/startup_stm32f407vgtx.o
                                 0x8c (size before relaxing)
 .debug_line_str
                0x00000134       0x98 /usr/lib/gcc/arm-none-eabi/13.2.1/../../../arm-none-eabi/lib/thumb/v7e-m+fp/hard/libc_nano.a(libc_a-strlen.o)
 .debug_line_str
                0x00000134       0x99 /usr/lib/gcc/arm-none-eabi/13.2.1/../../../arm-none-eabi/lib/thumb/v7e-m+fp/hard/libc_nano.a(libc_a-memcpy.o)

.debug_loclists
                0x00000000       0x65
 .debug_loclists
                0x00000000       0x65 /usr/lib/gcc/arm-none-eabi/13.2.1/../../../arm-none-eabi/lib/thumb/v7e-m+fp/hard/libc_nano.a(libc_a-init.o)
