17:52:26 **** Incremental Build of configuration Debug for project hello-world ****
make -j16 all 
arm-none-eabi-gcc "../Src/main.c" -mcpu=cortex-m4 -std=gnu11 -g3 -DDEBUG -DSTM32 -DSTM32F407G_DISC1 -DSTM32F4 -DSTM32F407VGTx -c -I../Inc -O0 -ffunction-sections -fdata-sections -Wall -fstack-usage -MMD -MP -MF"Src/main.d" -MT"Src/main.o" --specs=nano.specs -mfloat-abi=soft -mthumb -o "Src/main.o"
arm-none-eabi-gcc -o "hello-world.elf" @"objects.list"   -mcpu=cortex-m4 -T"/home/athul-muralidhar/Mastering-Microcontroller-and-Embedded-Driver-Development/hello-world/STM32F407VGTX_FLASH.ld" --specs=nosys.specs -Wl,-Map="hello-world.map" -Wl,--gc-sections -static --specs=nano.specs -mfloat-abi=soft -mthumb -Wl,--start-group -lc -lm -Wl,--end-group
Finished building target: hello-world.elf
 
arm-none-eabi-size  hello-world.elf 
arm-none-eabi-objdump -h -S hello-world.elf  > "hello-world.list"
   text	   data	    bss	    dec	    hex	filename
    884	      0	   1568	   2452	    994	hello-world.elf
Finished building: default.size.stdout
 
Finished building: hello-world.list
 

17:52:27 Build Finished. 0 errors, 0 warnings. (took 554ms)

